| query-tests/Security/CWE-079/DomBasedXss/tst.js:296 | did not expect an alert, but found an alert for HtmlInjection | OK |  |
