nodes
| examples/RemotePropertyInjection.js:7:6:7:36 | prop |
| examples/RemotePropertyInjection.js:7:13:7:36 | req.que ... trolled |
| examples/RemotePropertyInjection.js:7:13:7:36 | req.que ... trolled |
| examples/RemotePropertyInjection.js:8:8:8:11 | prop |
| examples/RemotePropertyInjection.js:8:8:8:11 | prop |
edges
| examples/RemotePropertyInjection.js:7:6:7:36 | prop | examples/RemotePropertyInjection.js:8:8:8:11 | prop |
| examples/RemotePropertyInjection.js:7:6:7:36 | prop | examples/RemotePropertyInjection.js:8:8:8:11 | prop |
| examples/RemotePropertyInjection.js:7:13:7:36 | req.que ... trolled | examples/RemotePropertyInjection.js:7:6:7:36 | prop |
| examples/RemotePropertyInjection.js:7:13:7:36 | req.que ... trolled | examples/RemotePropertyInjection.js:7:6:7:36 | prop |
#select
| examples/RemotePropertyInjection.js:8:8:8:11 | prop | examples/RemotePropertyInjection.js:7:13:7:36 | req.que ... trolled | examples/RemotePropertyInjection.js:8:8:8:11 | prop | A property name to write to depends on a $@. | examples/RemotePropertyInjection.js:7:13:7:36 | req.que ... trolled | user-provided value |
