edges
| ActiveRecordInjection.rb:8:25:8:28 | name | ActiveRecordInjection.rb:10:33:10:67 | "name='#{...}' and pass='#{...}'" | provenance | AdditionalTaintStep |
| ActiveRecordInjection.rb:8:25:8:28 | name | ActiveRecordInjection.rb:12:31:12:65 | "name='#{...}' and pass='#{...}'" | provenance | AdditionalTaintStep |
| ActiveRecordInjection.rb:8:25:8:28 | name | ActiveRecordInjection.rb:14:56:14:59 | name | provenance |  |
| ActiveRecordInjection.rb:8:31:8:34 | pass | ActiveRecordInjection.rb:10:33:10:67 | "name='#{...}' and pass='#{...}'" | provenance | AdditionalTaintStep |
| ActiveRecordInjection.rb:8:31:8:34 | pass | ActiveRecordInjection.rb:12:31:12:65 | "name='#{...}' and pass='#{...}'" | provenance | AdditionalTaintStep |
| ActiveRecordInjection.rb:8:31:8:34 | pass | ActiveRecordInjection.rb:14:62:14:65 | pass | provenance |  |
| ActiveRecordInjection.rb:12:30:12:66 | call to [] [element 0] | ActiveRecordInjection.rb:12:30:12:66 | call to [] | provenance |  |
| ActiveRecordInjection.rb:12:31:12:65 | "name='#{...}' and pass='#{...}'" | ActiveRecordInjection.rb:12:30:12:66 | call to [] [element 0] | provenance |  |
| ActiveRecordInjection.rb:14:30:14:66 | call to [] [element 1] | ActiveRecordInjection.rb:14:30:14:66 | call to [] | provenance |  |
| ActiveRecordInjection.rb:14:30:14:66 | call to [] [element 2] | ActiveRecordInjection.rb:14:30:14:66 | call to [] | provenance |  |
| ActiveRecordInjection.rb:14:56:14:59 | name | ActiveRecordInjection.rb:14:30:14:66 | call to [] [element 1] | provenance |  |
| ActiveRecordInjection.rb:14:62:14:65 | pass | ActiveRecordInjection.rb:14:30:14:66 | call to [] [element 2] | provenance |  |
| ActiveRecordInjection.rb:24:22:24:30 | condition | ActiveRecordInjection.rb:27:16:27:24 | condition | provenance |  |
| ActiveRecordInjection.rb:39:30:39:35 | call to params | ActiveRecordInjection.rb:39:30:39:44 | ...[...] | provenance |  |
| ActiveRecordInjection.rb:43:18:43:23 | call to params | ActiveRecordInjection.rb:43:18:43:32 | ...[...] | provenance |  |
| ActiveRecordInjection.rb:47:29:47:34 | call to params | ActiveRecordInjection.rb:47:29:47:39 | ...[...] | provenance |  |
| ActiveRecordInjection.rb:47:29:47:39 | ...[...] | ActiveRecordInjection.rb:47:20:47:42 | "id = '#{...}'" | provenance | AdditionalTaintStep |
| ActiveRecordInjection.rb:52:30:52:35 | call to params | ActiveRecordInjection.rb:52:30:52:40 | ...[...] | provenance |  |
| ActiveRecordInjection.rb:52:30:52:40 | ...[...] | ActiveRecordInjection.rb:52:21:52:43 | "id = '#{...}'" | provenance | AdditionalTaintStep |
| ActiveRecordInjection.rb:56:21:56:45 | call to [] [element 0] | ActiveRecordInjection.rb:56:21:56:45 | call to [] | provenance |  |
| ActiveRecordInjection.rb:56:22:56:44 | "id = '#{...}'" | ActiveRecordInjection.rb:56:21:56:45 | call to [] [element 0] | provenance |  |
| ActiveRecordInjection.rb:56:31:56:36 | call to params | ActiveRecordInjection.rb:56:31:56:41 | ...[...] | provenance |  |
| ActiveRecordInjection.rb:56:31:56:41 | ...[...] | ActiveRecordInjection.rb:56:22:56:44 | "id = '#{...}'" | provenance | AdditionalTaintStep |
| ActiveRecordInjection.rb:61:22:61:46 | call to [] [element 0] | ActiveRecordInjection.rb:61:22:61:46 | call to [] | provenance |  |
| ActiveRecordInjection.rb:61:23:61:45 | "id = '#{...}'" | ActiveRecordInjection.rb:61:22:61:46 | call to [] [element 0] | provenance |  |
| ActiveRecordInjection.rb:61:32:61:37 | call to params | ActiveRecordInjection.rb:61:32:61:42 | ...[...] | provenance |  |
| ActiveRecordInjection.rb:61:32:61:42 | ...[...] | ActiveRecordInjection.rb:61:23:61:45 | "id = '#{...}'" | provenance | AdditionalTaintStep |
| ActiveRecordInjection.rb:66:21:66:26 | call to params | ActiveRecordInjection.rb:66:21:66:35 | ...[...] | provenance |  |
| ActiveRecordInjection.rb:66:21:66:35 | ...[...] | ActiveRecordInjection.rb:65:16:65:21 | <<-SQL | provenance | AdditionalTaintStep |
| ActiveRecordInjection.rb:72:34:72:39 | call to params | ActiveRecordInjection.rb:72:34:72:44 | ...[...] | provenance |  |
| ActiveRecordInjection.rb:72:34:72:44 | ...[...] | ActiveRecordInjection.rb:72:20:72:47 | "user.id = '#{...}'" | provenance | AdditionalTaintStep |
| ActiveRecordInjection.rb:74:23:74:28 | call to params | ActiveRecordInjection.rb:74:23:74:35 | ...[...] | provenance |  |
| ActiveRecordInjection.rb:74:23:74:35 | ...[...] | ActiveRecordInjection.rb:8:25:8:28 | name | provenance |  |
| ActiveRecordInjection.rb:74:38:74:43 | call to params | ActiveRecordInjection.rb:74:38:74:50 | ...[...] | provenance |  |
| ActiveRecordInjection.rb:74:38:74:50 | ...[...] | ActiveRecordInjection.rb:8:31:8:34 | pass | provenance |  |
| ActiveRecordInjection.rb:78:41:78:46 | call to params | ActiveRecordInjection.rb:78:41:78:51 | ...[...] | provenance |  |
| ActiveRecordInjection.rb:78:41:78:51 | ...[...] | ActiveRecordInjection.rb:78:32:78:54 | "id = '#{...}'" | provenance | AdditionalTaintStep |
| ActiveRecordInjection.rb:83:23:83:28 | call to params | ActiveRecordInjection.rb:83:23:83:35 | ...[...] | provenance |  |
| ActiveRecordInjection.rb:87:17:87:22 | call to params | ActiveRecordInjection.rb:87:17:87:31 | ...[...] | provenance |  |
| ActiveRecordInjection.rb:88:19:88:24 | call to params | ActiveRecordInjection.rb:88:19:88:33 | ...[...] | provenance |  |
| ActiveRecordInjection.rb:92:18:92:23 | call to params | ActiveRecordInjection.rb:92:18:92:35 | ...[...] | provenance |  |
| ActiveRecordInjection.rb:96:21:96:26 | call to params | ActiveRecordInjection.rb:96:21:96:35 | ...[...] | provenance |  |
| ActiveRecordInjection.rb:104:31:104:36 | call to params | ActiveRecordInjection.rb:104:31:104:52 | ...[...] | provenance |  |
| ActiveRecordInjection.rb:104:31:104:52 | ...[...] | ActiveRecordInjection.rb:104:20:104:55 | "name = '#{...}'" | provenance | AdditionalTaintStep |
| ActiveRecordInjection.rb:108:30:108:35 | call to params | ActiveRecordInjection.rb:108:30:108:51 | ...[...] | provenance |  |
| ActiveRecordInjection.rb:108:30:108:51 | ...[...] | ActiveRecordInjection.rb:108:19:108:54 | "name = '#{...}'" | provenance | AdditionalTaintStep |
| ActiveRecordInjection.rb:110:18:110:23 | call to params | ActiveRecordInjection.rb:110:18:110:35 | ...[...] | provenance |  |
| ActiveRecordInjection.rb:112:26:112:31 | call to params | ActiveRecordInjection.rb:112:26:112:40 | ...[...] | provenance |  |
| ActiveRecordInjection.rb:113:28:113:33 | call to params | ActiveRecordInjection.rb:113:28:113:42 | ...[...] | provenance |  |
| ActiveRecordInjection.rb:114:30:114:35 | call to params | ActiveRecordInjection.rb:114:30:114:47 | ...[...] | provenance |  |
| ActiveRecordInjection.rb:114:30:114:47 | ...[...] | ActiveRecordInjection.rb:114:25:114:49 | "b #{...}" | provenance | AdditionalTaintStep |
| ActiveRecordInjection.rb:115:32:115:37 | call to params | ActiveRecordInjection.rb:115:32:115:49 | ...[...] | provenance |  |
| ActiveRecordInjection.rb:115:32:115:49 | ...[...] | ActiveRecordInjection.rb:115:27:115:51 | "b #{...}" | provenance | AdditionalTaintStep |
| ActiveRecordInjection.rb:116:21:116:26 | call to params | ActiveRecordInjection.rb:116:21:116:35 | ...[...] | provenance |  |
| ActiveRecordInjection.rb:117:21:117:26 | call to params | ActiveRecordInjection.rb:117:21:117:35 | ...[...] | provenance |  |
| ActiveRecordInjection.rb:118:20:118:25 | call to params | ActiveRecordInjection.rb:118:20:118:34 | ...[...] | provenance |  |
| ActiveRecordInjection.rb:120:23:120:28 | call to params | ActiveRecordInjection.rb:120:23:120:47 | ...[...] | provenance |  |
| ActiveRecordInjection.rb:124:19:124:24 | call to params | ActiveRecordInjection.rb:124:19:124:30 | ...[...] | provenance |  |
| ActiveRecordInjection.rb:126:29:126:34 | call to params | ActiveRecordInjection.rb:126:29:126:39 | ...[...] | provenance |  |
| ActiveRecordInjection.rb:132:5:132:6 | ps | ActiveRecordInjection.rb:133:11:133:12 | ps | provenance |  |
| ActiveRecordInjection.rb:132:10:132:15 | call to params | ActiveRecordInjection.rb:132:5:132:6 | ps | provenance |  |
| ActiveRecordInjection.rb:133:5:133:7 | uid | ActiveRecordInjection.rb:134:5:134:9 | uidEq | provenance | AdditionalTaintStep |
| ActiveRecordInjection.rb:133:11:133:12 | ps | ActiveRecordInjection.rb:133:11:133:17 | ...[...] | provenance |  |
| ActiveRecordInjection.rb:133:11:133:17 | ...[...] | ActiveRecordInjection.rb:133:5:133:7 | uid | provenance |  |
| ActiveRecordInjection.rb:134:5:134:9 | uidEq | ActiveRecordInjection.rb:138:20:138:32 | ... + ... | provenance |  |
| ActiveRecordInjection.rb:134:5:134:9 | uidEq | ActiveRecordInjection.rb:138:28:138:32 | uidEq | provenance |  |
| ActiveRecordInjection.rb:138:20:138:32 | ... + ... [element] | ActiveRecordInjection.rb:138:20:138:32 | ... + ... | provenance |  |
| ActiveRecordInjection.rb:138:28:138:32 | uidEq | ActiveRecordInjection.rb:138:20:138:32 | ... + ... [element] | provenance |  |
| ActiveRecordInjection.rb:171:21:171:26 | call to params | ActiveRecordInjection.rb:171:21:171:44 | ...[...] | provenance |  |
| ActiveRecordInjection.rb:171:21:171:26 | call to params | ActiveRecordInjection.rb:171:21:171:44 | ...[...] | provenance |  |
| ActiveRecordInjection.rb:171:21:171:44 | ...[...] | ActiveRecordInjection.rb:24:22:24:30 | condition | provenance |  |
| ActiveRecordInjection.rb:185:59:185:64 | call to params | ActiveRecordInjection.rb:185:59:185:74 | ...[...] | provenance |  |
| ActiveRecordInjection.rb:185:59:185:74 | ...[...] | ActiveRecordInjection.rb:185:27:185:76 | "this is an unsafe annotation:..." | provenance | AdditionalTaintStep |
| ActiveRecordInjection.rb:196:5:196:13 | my_params | ActiveRecordInjection.rb:197:47:197:55 | my_params | provenance |  |
| ActiveRecordInjection.rb:196:17:196:32 | call to permitted_params | ActiveRecordInjection.rb:196:5:196:13 | my_params | provenance |  |
| ActiveRecordInjection.rb:197:5:197:9 | query | ActiveRecordInjection.rb:198:37:198:41 | query | provenance |  |
| ActiveRecordInjection.rb:197:47:197:55 | my_params | ActiveRecordInjection.rb:197:47:197:65 | ...[...] | provenance |  |
| ActiveRecordInjection.rb:197:47:197:65 | ...[...] | ActiveRecordInjection.rb:197:5:197:9 | query | provenance | AdditionalTaintStep |
| ActiveRecordInjection.rb:203:5:203:10 | call to params | ActiveRecordInjection.rb:203:5:203:27 | call to require | provenance |  |
| ActiveRecordInjection.rb:203:5:203:27 | call to require | ActiveRecordInjection.rb:203:5:203:59 | call to permit | provenance |  |
| ActiveRecordInjection.rb:203:5:203:59 | call to permit | ActiveRecordInjection.rb:196:17:196:32 | call to permitted_params | provenance |  |
| ActiveRecordInjection.rb:203:5:203:59 | call to permit | ActiveRecordInjection.rb:207:77:207:92 | call to permitted_params | provenance |  |
| ActiveRecordInjection.rb:203:5:203:59 | call to permit | ActiveRecordInjection.rb:208:69:208:84 | call to permitted_params | provenance |  |
| ActiveRecordInjection.rb:207:77:207:92 | call to permitted_params | ActiveRecordInjection.rb:207:77:207:102 | ...[...] | provenance |  |
| ActiveRecordInjection.rb:207:77:207:102 | ...[...] | ActiveRecordInjection.rb:207:43:207:104 | "SELECT * FROM users WHERE id ..." | provenance | AdditionalTaintStep |
| ActiveRecordInjection.rb:208:69:208:84 | call to permitted_params | ActiveRecordInjection.rb:208:69:208:94 | ...[...] | provenance |  |
| ActiveRecordInjection.rb:208:69:208:94 | ...[...] | ActiveRecordInjection.rb:208:35:208:96 | "SELECT * FROM users WHERE id ..." | provenance | AdditionalTaintStep |
| ActiveRecordInjection.rb:213:24:213:27 | role | ActiveRecordInjection.rb:213:38:213:53 | "role = #{...}" | provenance | AdditionalTaintStep |
| ActiveRecordInjection.rb:219:29:219:34 | call to params | ActiveRecordInjection.rb:219:29:219:41 | ...[...] | provenance |  |
| ActiveRecordInjection.rb:219:29:219:41 | ...[...] | ActiveRecordInjection.rb:213:24:213:27 | role | provenance |  |
| ArelInjection.rb:4:5:4:8 | name | ArelInjection.rb:6:20:6:61 | "SELECT * FROM users WHERE nam..." | provenance | AdditionalTaintStep |
| ArelInjection.rb:4:5:4:8 | name | ArelInjection.rb:7:39:7:80 | "SELECT * FROM users WHERE nam..." | provenance | AdditionalTaintStep |
| ArelInjection.rb:4:12:4:17 | call to params | ArelInjection.rb:4:12:4:29 | ...[...] | provenance |  |
| ArelInjection.rb:4:12:4:29 | ...[...] | ArelInjection.rb:4:5:4:8 | name | provenance |  |
| PgInjection.rb:6:5:6:8 | name | PgInjection.rb:13:5:13:8 | qry1 | provenance | AdditionalTaintStep |
| PgInjection.rb:6:5:6:8 | name | PgInjection.rb:19:5:19:8 | qry2 | provenance | AdditionalTaintStep |
| PgInjection.rb:6:5:6:8 | name | PgInjection.rb:31:5:31:8 | qry3 | provenance | AdditionalTaintStep |
| PgInjection.rb:6:5:6:8 | name | PgInjection.rb:43:5:43:8 | qry3 | provenance | AdditionalTaintStep |
| PgInjection.rb:6:12:6:17 | call to params | PgInjection.rb:6:12:6:24 | ...[...] | provenance |  |
| PgInjection.rb:6:12:6:24 | ...[...] | PgInjection.rb:6:5:6:8 | name | provenance |  |
| PgInjection.rb:13:5:13:8 | qry1 | PgInjection.rb:14:15:14:18 | qry1 | provenance |  |
| PgInjection.rb:13:5:13:8 | qry1 | PgInjection.rb:15:21:15:24 | qry1 | provenance |  |
| PgInjection.rb:19:5:19:8 | qry2 | PgInjection.rb:20:22:20:25 | qry2 | provenance |  |
| PgInjection.rb:19:5:19:8 | qry2 | PgInjection.rb:21:28:21:31 | qry2 | provenance |  |
| PgInjection.rb:31:5:31:8 | qry3 | PgInjection.rb:32:29:32:32 | qry3 | provenance |  |
| PgInjection.rb:43:5:43:8 | qry3 | PgInjection.rb:44:29:44:32 | qry3 | provenance |  |
nodes
| ActiveRecordInjection.rb:8:25:8:28 | name | semmle.label | name |
| ActiveRecordInjection.rb:8:31:8:34 | pass | semmle.label | pass |
| ActiveRecordInjection.rb:10:33:10:67 | "name='#{...}' and pass='#{...}'" | semmle.label | "name='#{...}' and pass='#{...}'" |
| ActiveRecordInjection.rb:12:30:12:66 | call to [] | semmle.label | call to [] |
| ActiveRecordInjection.rb:12:30:12:66 | call to [] [element 0] | semmle.label | call to [] [element 0] |
| ActiveRecordInjection.rb:12:31:12:65 | "name='#{...}' and pass='#{...}'" | semmle.label | "name='#{...}' and pass='#{...}'" |
| ActiveRecordInjection.rb:14:30:14:66 | call to [] | semmle.label | call to [] |
| ActiveRecordInjection.rb:14:30:14:66 | call to [] [element 1] | semmle.label | call to [] [element 1] |
| ActiveRecordInjection.rb:14:30:14:66 | call to [] [element 2] | semmle.label | call to [] [element 2] |
| ActiveRecordInjection.rb:14:56:14:59 | name | semmle.label | name |
| ActiveRecordInjection.rb:14:62:14:65 | pass | semmle.label | pass |
| ActiveRecordInjection.rb:24:22:24:30 | condition | semmle.label | condition |
| ActiveRecordInjection.rb:27:16:27:24 | condition | semmle.label | condition |
| ActiveRecordInjection.rb:39:30:39:35 | call to params | semmle.label | call to params |
| ActiveRecordInjection.rb:39:30:39:44 | ...[...] | semmle.label | ...[...] |
| ActiveRecordInjection.rb:43:18:43:23 | call to params | semmle.label | call to params |
| ActiveRecordInjection.rb:43:18:43:32 | ...[...] | semmle.label | ...[...] |
| ActiveRecordInjection.rb:47:20:47:42 | "id = '#{...}'" | semmle.label | "id = '#{...}'" |
| ActiveRecordInjection.rb:47:29:47:34 | call to params | semmle.label | call to params |
| ActiveRecordInjection.rb:47:29:47:39 | ...[...] | semmle.label | ...[...] |
| ActiveRecordInjection.rb:52:21:52:43 | "id = '#{...}'" | semmle.label | "id = '#{...}'" |
| ActiveRecordInjection.rb:52:30:52:35 | call to params | semmle.label | call to params |
| ActiveRecordInjection.rb:52:30:52:40 | ...[...] | semmle.label | ...[...] |
| ActiveRecordInjection.rb:56:21:56:45 | call to [] | semmle.label | call to [] |
| ActiveRecordInjection.rb:56:21:56:45 | call to [] [element 0] | semmle.label | call to [] [element 0] |
| ActiveRecordInjection.rb:56:22:56:44 | "id = '#{...}'" | semmle.label | "id = '#{...}'" |
| ActiveRecordInjection.rb:56:31:56:36 | call to params | semmle.label | call to params |
| ActiveRecordInjection.rb:56:31:56:41 | ...[...] | semmle.label | ...[...] |
| ActiveRecordInjection.rb:61:22:61:46 | call to [] | semmle.label | call to [] |
| ActiveRecordInjection.rb:61:22:61:46 | call to [] [element 0] | semmle.label | call to [] [element 0] |
| ActiveRecordInjection.rb:61:23:61:45 | "id = '#{...}'" | semmle.label | "id = '#{...}'" |
| ActiveRecordInjection.rb:61:32:61:37 | call to params | semmle.label | call to params |
| ActiveRecordInjection.rb:61:32:61:42 | ...[...] | semmle.label | ...[...] |
| ActiveRecordInjection.rb:65:16:65:21 | <<-SQL | semmle.label | <<-SQL |
| ActiveRecordInjection.rb:66:21:66:26 | call to params | semmle.label | call to params |
| ActiveRecordInjection.rb:66:21:66:35 | ...[...] | semmle.label | ...[...] |
| ActiveRecordInjection.rb:72:20:72:47 | "user.id = '#{...}'" | semmle.label | "user.id = '#{...}'" |
| ActiveRecordInjection.rb:72:34:72:39 | call to params | semmle.label | call to params |
| ActiveRecordInjection.rb:72:34:72:44 | ...[...] | semmle.label | ...[...] |
| ActiveRecordInjection.rb:74:23:74:28 | call to params | semmle.label | call to params |
| ActiveRecordInjection.rb:74:23:74:35 | ...[...] | semmle.label | ...[...] |
| ActiveRecordInjection.rb:74:38:74:43 | call to params | semmle.label | call to params |
| ActiveRecordInjection.rb:74:38:74:50 | ...[...] | semmle.label | ...[...] |
| ActiveRecordInjection.rb:78:32:78:54 | "id = '#{...}'" | semmle.label | "id = '#{...}'" |
| ActiveRecordInjection.rb:78:41:78:46 | call to params | semmle.label | call to params |
| ActiveRecordInjection.rb:78:41:78:51 | ...[...] | semmle.label | ...[...] |
| ActiveRecordInjection.rb:83:23:83:28 | call to params | semmle.label | call to params |
| ActiveRecordInjection.rb:83:23:83:35 | ...[...] | semmle.label | ...[...] |
| ActiveRecordInjection.rb:87:17:87:22 | call to params | semmle.label | call to params |
| ActiveRecordInjection.rb:87:17:87:31 | ...[...] | semmle.label | ...[...] |
| ActiveRecordInjection.rb:88:19:88:24 | call to params | semmle.label | call to params |
| ActiveRecordInjection.rb:88:19:88:33 | ...[...] | semmle.label | ...[...] |
| ActiveRecordInjection.rb:92:18:92:23 | call to params | semmle.label | call to params |
| ActiveRecordInjection.rb:92:18:92:35 | ...[...] | semmle.label | ...[...] |
| ActiveRecordInjection.rb:96:21:96:26 | call to params | semmle.label | call to params |
| ActiveRecordInjection.rb:96:21:96:35 | ...[...] | semmle.label | ...[...] |
| ActiveRecordInjection.rb:104:20:104:55 | "name = '#{...}'" | semmle.label | "name = '#{...}'" |
| ActiveRecordInjection.rb:104:31:104:36 | call to params | semmle.label | call to params |
| ActiveRecordInjection.rb:104:31:104:52 | ...[...] | semmle.label | ...[...] |
| ActiveRecordInjection.rb:108:19:108:54 | "name = '#{...}'" | semmle.label | "name = '#{...}'" |
| ActiveRecordInjection.rb:108:30:108:35 | call to params | semmle.label | call to params |
| ActiveRecordInjection.rb:108:30:108:51 | ...[...] | semmle.label | ...[...] |
| ActiveRecordInjection.rb:110:18:110:23 | call to params | semmle.label | call to params |
| ActiveRecordInjection.rb:110:18:110:35 | ...[...] | semmle.label | ...[...] |
| ActiveRecordInjection.rb:112:26:112:31 | call to params | semmle.label | call to params |
| ActiveRecordInjection.rb:112:26:112:40 | ...[...] | semmle.label | ...[...] |
| ActiveRecordInjection.rb:113:28:113:33 | call to params | semmle.label | call to params |
| ActiveRecordInjection.rb:113:28:113:42 | ...[...] | semmle.label | ...[...] |
| ActiveRecordInjection.rb:114:25:114:49 | "b #{...}" | semmle.label | "b #{...}" |
| ActiveRecordInjection.rb:114:30:114:35 | call to params | semmle.label | call to params |
| ActiveRecordInjection.rb:114:30:114:47 | ...[...] | semmle.label | ...[...] |
| ActiveRecordInjection.rb:115:27:115:51 | "b #{...}" | semmle.label | "b #{...}" |
| ActiveRecordInjection.rb:115:32:115:37 | call to params | semmle.label | call to params |
| ActiveRecordInjection.rb:115:32:115:49 | ...[...] | semmle.label | ...[...] |
| ActiveRecordInjection.rb:116:21:116:26 | call to params | semmle.label | call to params |
| ActiveRecordInjection.rb:116:21:116:35 | ...[...] | semmle.label | ...[...] |
| ActiveRecordInjection.rb:117:21:117:26 | call to params | semmle.label | call to params |
| ActiveRecordInjection.rb:117:21:117:35 | ...[...] | semmle.label | ...[...] |
| ActiveRecordInjection.rb:118:20:118:25 | call to params | semmle.label | call to params |
| ActiveRecordInjection.rb:118:20:118:34 | ...[...] | semmle.label | ...[...] |
| ActiveRecordInjection.rb:120:23:120:28 | call to params | semmle.label | call to params |
| ActiveRecordInjection.rb:120:23:120:47 | ...[...] | semmle.label | ...[...] |
| ActiveRecordInjection.rb:124:19:124:24 | call to params | semmle.label | call to params |
| ActiveRecordInjection.rb:124:19:124:30 | ...[...] | semmle.label | ...[...] |
| ActiveRecordInjection.rb:126:29:126:34 | call to params | semmle.label | call to params |
| ActiveRecordInjection.rb:126:29:126:39 | ...[...] | semmle.label | ...[...] |
| ActiveRecordInjection.rb:132:5:132:6 | ps | semmle.label | ps |
| ActiveRecordInjection.rb:132:10:132:15 | call to params | semmle.label | call to params |
| ActiveRecordInjection.rb:133:5:133:7 | uid | semmle.label | uid |
| ActiveRecordInjection.rb:133:11:133:12 | ps | semmle.label | ps |
| ActiveRecordInjection.rb:133:11:133:17 | ...[...] | semmle.label | ...[...] |
| ActiveRecordInjection.rb:134:5:134:9 | uidEq | semmle.label | uidEq |
| ActiveRecordInjection.rb:138:20:138:32 | ... + ... | semmle.label | ... + ... |
| ActiveRecordInjection.rb:138:20:138:32 | ... + ... [element] | semmle.label | ... + ... [element] |
| ActiveRecordInjection.rb:138:28:138:32 | uidEq | semmle.label | uidEq |
| ActiveRecordInjection.rb:171:21:171:26 | call to params | semmle.label | call to params |
| ActiveRecordInjection.rb:171:21:171:44 | ...[...] | semmle.label | ...[...] |
| ActiveRecordInjection.rb:171:21:171:44 | ...[...] | semmle.label | ...[...] |
| ActiveRecordInjection.rb:185:27:185:76 | "this is an unsafe annotation:..." | semmle.label | "this is an unsafe annotation:..." |
| ActiveRecordInjection.rb:185:59:185:64 | call to params | semmle.label | call to params |
| ActiveRecordInjection.rb:185:59:185:74 | ...[...] | semmle.label | ...[...] |
| ActiveRecordInjection.rb:196:5:196:13 | my_params | semmle.label | my_params |
| ActiveRecordInjection.rb:196:17:196:32 | call to permitted_params | semmle.label | call to permitted_params |
| ActiveRecordInjection.rb:197:5:197:9 | query | semmle.label | query |
| ActiveRecordInjection.rb:197:47:197:55 | my_params | semmle.label | my_params |
| ActiveRecordInjection.rb:197:47:197:65 | ...[...] | semmle.label | ...[...] |
| ActiveRecordInjection.rb:198:37:198:41 | query | semmle.label | query |
| ActiveRecordInjection.rb:203:5:203:10 | call to params | semmle.label | call to params |
| ActiveRecordInjection.rb:203:5:203:27 | call to require | semmle.label | call to require |
| ActiveRecordInjection.rb:203:5:203:59 | call to permit | semmle.label | call to permit |
| ActiveRecordInjection.rb:207:43:207:104 | "SELECT * FROM users WHERE id ..." | semmle.label | "SELECT * FROM users WHERE id ..." |
| ActiveRecordInjection.rb:207:77:207:92 | call to permitted_params | semmle.label | call to permitted_params |
| ActiveRecordInjection.rb:207:77:207:102 | ...[...] | semmle.label | ...[...] |
| ActiveRecordInjection.rb:208:35:208:96 | "SELECT * FROM users WHERE id ..." | semmle.label | "SELECT * FROM users WHERE id ..." |
| ActiveRecordInjection.rb:208:69:208:84 | call to permitted_params | semmle.label | call to permitted_params |
| ActiveRecordInjection.rb:208:69:208:94 | ...[...] | semmle.label | ...[...] |
| ActiveRecordInjection.rb:213:24:213:27 | role | semmle.label | role |
| ActiveRecordInjection.rb:213:38:213:53 | "role = #{...}" | semmle.label | "role = #{...}" |
| ActiveRecordInjection.rb:219:29:219:34 | call to params | semmle.label | call to params |
| ActiveRecordInjection.rb:219:29:219:41 | ...[...] | semmle.label | ...[...] |
| ArelInjection.rb:4:5:4:8 | name | semmle.label | name |
| ArelInjection.rb:4:12:4:17 | call to params | semmle.label | call to params |
| ArelInjection.rb:4:12:4:29 | ...[...] | semmle.label | ...[...] |
| ArelInjection.rb:6:20:6:61 | "SELECT * FROM users WHERE nam..." | semmle.label | "SELECT * FROM users WHERE nam..." |
| ArelInjection.rb:7:39:7:80 | "SELECT * FROM users WHERE nam..." | semmle.label | "SELECT * FROM users WHERE nam..." |
| PgInjection.rb:6:5:6:8 | name | semmle.label | name |
| PgInjection.rb:6:12:6:17 | call to params | semmle.label | call to params |
| PgInjection.rb:6:12:6:24 | ...[...] | semmle.label | ...[...] |
| PgInjection.rb:13:5:13:8 | qry1 | semmle.label | qry1 |
| PgInjection.rb:14:15:14:18 | qry1 | semmle.label | qry1 |
| PgInjection.rb:15:21:15:24 | qry1 | semmle.label | qry1 |
| PgInjection.rb:19:5:19:8 | qry2 | semmle.label | qry2 |
| PgInjection.rb:20:22:20:25 | qry2 | semmle.label | qry2 |
| PgInjection.rb:21:28:21:31 | qry2 | semmle.label | qry2 |
| PgInjection.rb:31:5:31:8 | qry3 | semmle.label | qry3 |
| PgInjection.rb:32:29:32:32 | qry3 | semmle.label | qry3 |
| PgInjection.rb:43:5:43:8 | qry3 | semmle.label | qry3 |
| PgInjection.rb:44:29:44:32 | qry3 | semmle.label | qry3 |
subpaths
#select
| ActiveRecordInjection.rb:10:33:10:67 | "name='#{...}' and pass='#{...}'" | ActiveRecordInjection.rb:74:23:74:28 | call to params | ActiveRecordInjection.rb:10:33:10:67 | "name='#{...}' and pass='#{...}'" | This SQL query depends on a $@. | ActiveRecordInjection.rb:74:23:74:28 | call to params | user-provided value |
| ActiveRecordInjection.rb:10:33:10:67 | "name='#{...}' and pass='#{...}'" | ActiveRecordInjection.rb:74:38:74:43 | call to params | ActiveRecordInjection.rb:10:33:10:67 | "name='#{...}' and pass='#{...}'" | This SQL query depends on a $@. | ActiveRecordInjection.rb:74:38:74:43 | call to params | user-provided value |
| ActiveRecordInjection.rb:12:30:12:66 | call to [] | ActiveRecordInjection.rb:74:23:74:28 | call to params | ActiveRecordInjection.rb:12:30:12:66 | call to [] | This SQL query depends on a $@. | ActiveRecordInjection.rb:74:23:74:28 | call to params | user-provided value |
| ActiveRecordInjection.rb:12:30:12:66 | call to [] | ActiveRecordInjection.rb:74:38:74:43 | call to params | ActiveRecordInjection.rb:12:30:12:66 | call to [] | This SQL query depends on a $@. | ActiveRecordInjection.rb:74:38:74:43 | call to params | user-provided value |
| ActiveRecordInjection.rb:14:30:14:66 | call to [] | ActiveRecordInjection.rb:74:23:74:28 | call to params | ActiveRecordInjection.rb:14:30:14:66 | call to [] | This SQL query depends on a $@. | ActiveRecordInjection.rb:74:23:74:28 | call to params | user-provided value |
| ActiveRecordInjection.rb:14:30:14:66 | call to [] | ActiveRecordInjection.rb:74:38:74:43 | call to params | ActiveRecordInjection.rb:14:30:14:66 | call to [] | This SQL query depends on a $@. | ActiveRecordInjection.rb:74:38:74:43 | call to params | user-provided value |
| ActiveRecordInjection.rb:27:16:27:24 | condition | ActiveRecordInjection.rb:171:21:171:26 | call to params | ActiveRecordInjection.rb:27:16:27:24 | condition | This SQL query depends on a $@. | ActiveRecordInjection.rb:171:21:171:26 | call to params | user-provided value |
| ActiveRecordInjection.rb:39:30:39:44 | ...[...] | ActiveRecordInjection.rb:39:30:39:35 | call to params | ActiveRecordInjection.rb:39:30:39:44 | ...[...] | This SQL query depends on a $@. | ActiveRecordInjection.rb:39:30:39:35 | call to params | user-provided value |
| ActiveRecordInjection.rb:43:18:43:32 | ...[...] | ActiveRecordInjection.rb:43:18:43:23 | call to params | ActiveRecordInjection.rb:43:18:43:32 | ...[...] | This SQL query depends on a $@. | ActiveRecordInjection.rb:43:18:43:23 | call to params | user-provided value |
| ActiveRecordInjection.rb:47:20:47:42 | "id = '#{...}'" | ActiveRecordInjection.rb:47:29:47:34 | call to params | ActiveRecordInjection.rb:47:20:47:42 | "id = '#{...}'" | This SQL query depends on a $@. | ActiveRecordInjection.rb:47:29:47:34 | call to params | user-provided value |
| ActiveRecordInjection.rb:52:21:52:43 | "id = '#{...}'" | ActiveRecordInjection.rb:52:30:52:35 | call to params | ActiveRecordInjection.rb:52:21:52:43 | "id = '#{...}'" | This SQL query depends on a $@. | ActiveRecordInjection.rb:52:30:52:35 | call to params | user-provided value |
| ActiveRecordInjection.rb:56:21:56:45 | call to [] | ActiveRecordInjection.rb:56:31:56:36 | call to params | ActiveRecordInjection.rb:56:21:56:45 | call to [] | This SQL query depends on a $@. | ActiveRecordInjection.rb:56:31:56:36 | call to params | user-provided value |
| ActiveRecordInjection.rb:61:22:61:46 | call to [] | ActiveRecordInjection.rb:61:32:61:37 | call to params | ActiveRecordInjection.rb:61:22:61:46 | call to [] | This SQL query depends on a $@. | ActiveRecordInjection.rb:61:32:61:37 | call to params | user-provided value |
| ActiveRecordInjection.rb:65:16:65:21 | <<-SQL | ActiveRecordInjection.rb:66:21:66:26 | call to params | ActiveRecordInjection.rb:65:16:65:21 | <<-SQL | This SQL query depends on a $@. | ActiveRecordInjection.rb:66:21:66:26 | call to params | user-provided value |
| ActiveRecordInjection.rb:72:20:72:47 | "user.id = '#{...}'" | ActiveRecordInjection.rb:72:34:72:39 | call to params | ActiveRecordInjection.rb:72:20:72:47 | "user.id = '#{...}'" | This SQL query depends on a $@. | ActiveRecordInjection.rb:72:34:72:39 | call to params | user-provided value |
| ActiveRecordInjection.rb:78:32:78:54 | "id = '#{...}'" | ActiveRecordInjection.rb:78:41:78:46 | call to params | ActiveRecordInjection.rb:78:32:78:54 | "id = '#{...}'" | This SQL query depends on a $@. | ActiveRecordInjection.rb:78:41:78:46 | call to params | user-provided value |
| ActiveRecordInjection.rb:83:23:83:35 | ...[...] | ActiveRecordInjection.rb:83:23:83:28 | call to params | ActiveRecordInjection.rb:83:23:83:35 | ...[...] | This SQL query depends on a $@. | ActiveRecordInjection.rb:83:23:83:28 | call to params | user-provided value |
| ActiveRecordInjection.rb:87:17:87:31 | ...[...] | ActiveRecordInjection.rb:87:17:87:22 | call to params | ActiveRecordInjection.rb:87:17:87:31 | ...[...] | This SQL query depends on a $@. | ActiveRecordInjection.rb:87:17:87:22 | call to params | user-provided value |
| ActiveRecordInjection.rb:88:19:88:33 | ...[...] | ActiveRecordInjection.rb:88:19:88:24 | call to params | ActiveRecordInjection.rb:88:19:88:33 | ...[...] | This SQL query depends on a $@. | ActiveRecordInjection.rb:88:19:88:24 | call to params | user-provided value |
| ActiveRecordInjection.rb:92:18:92:35 | ...[...] | ActiveRecordInjection.rb:92:18:92:23 | call to params | ActiveRecordInjection.rb:92:18:92:35 | ...[...] | This SQL query depends on a $@. | ActiveRecordInjection.rb:92:18:92:23 | call to params | user-provided value |
| ActiveRecordInjection.rb:96:21:96:35 | ...[...] | ActiveRecordInjection.rb:96:21:96:26 | call to params | ActiveRecordInjection.rb:96:21:96:35 | ...[...] | This SQL query depends on a $@. | ActiveRecordInjection.rb:96:21:96:26 | call to params | user-provided value |
| ActiveRecordInjection.rb:104:20:104:55 | "name = '#{...}'" | ActiveRecordInjection.rb:104:31:104:36 | call to params | ActiveRecordInjection.rb:104:20:104:55 | "name = '#{...}'" | This SQL query depends on a $@. | ActiveRecordInjection.rb:104:31:104:36 | call to params | user-provided value |
| ActiveRecordInjection.rb:108:19:108:54 | "name = '#{...}'" | ActiveRecordInjection.rb:108:30:108:35 | call to params | ActiveRecordInjection.rb:108:19:108:54 | "name = '#{...}'" | This SQL query depends on a $@. | ActiveRecordInjection.rb:108:30:108:35 | call to params | user-provided value |
| ActiveRecordInjection.rb:110:18:110:35 | ...[...] | ActiveRecordInjection.rb:110:18:110:23 | call to params | ActiveRecordInjection.rb:110:18:110:35 | ...[...] | This SQL query depends on a $@. | ActiveRecordInjection.rb:110:18:110:23 | call to params | user-provided value |
| ActiveRecordInjection.rb:112:26:112:40 | ...[...] | ActiveRecordInjection.rb:112:26:112:31 | call to params | ActiveRecordInjection.rb:112:26:112:40 | ...[...] | This SQL query depends on a $@. | ActiveRecordInjection.rb:112:26:112:31 | call to params | user-provided value |
| ActiveRecordInjection.rb:113:28:113:42 | ...[...] | ActiveRecordInjection.rb:113:28:113:33 | call to params | ActiveRecordInjection.rb:113:28:113:42 | ...[...] | This SQL query depends on a $@. | ActiveRecordInjection.rb:113:28:113:33 | call to params | user-provided value |
| ActiveRecordInjection.rb:114:25:114:49 | "b #{...}" | ActiveRecordInjection.rb:114:30:114:35 | call to params | ActiveRecordInjection.rb:114:25:114:49 | "b #{...}" | This SQL query depends on a $@. | ActiveRecordInjection.rb:114:30:114:35 | call to params | user-provided value |
| ActiveRecordInjection.rb:115:27:115:51 | "b #{...}" | ActiveRecordInjection.rb:115:32:115:37 | call to params | ActiveRecordInjection.rb:115:27:115:51 | "b #{...}" | This SQL query depends on a $@. | ActiveRecordInjection.rb:115:32:115:37 | call to params | user-provided value |
| ActiveRecordInjection.rb:116:21:116:35 | ...[...] | ActiveRecordInjection.rb:116:21:116:26 | call to params | ActiveRecordInjection.rb:116:21:116:35 | ...[...] | This SQL query depends on a $@. | ActiveRecordInjection.rb:116:21:116:26 | call to params | user-provided value |
| ActiveRecordInjection.rb:117:21:117:35 | ...[...] | ActiveRecordInjection.rb:117:21:117:26 | call to params | ActiveRecordInjection.rb:117:21:117:35 | ...[...] | This SQL query depends on a $@. | ActiveRecordInjection.rb:117:21:117:26 | call to params | user-provided value |
| ActiveRecordInjection.rb:118:20:118:34 | ...[...] | ActiveRecordInjection.rb:118:20:118:25 | call to params | ActiveRecordInjection.rb:118:20:118:34 | ...[...] | This SQL query depends on a $@. | ActiveRecordInjection.rb:118:20:118:25 | call to params | user-provided value |
| ActiveRecordInjection.rb:120:23:120:47 | ...[...] | ActiveRecordInjection.rb:120:23:120:28 | call to params | ActiveRecordInjection.rb:120:23:120:47 | ...[...] | This SQL query depends on a $@. | ActiveRecordInjection.rb:120:23:120:28 | call to params | user-provided value |
| ActiveRecordInjection.rb:124:19:124:30 | ...[...] | ActiveRecordInjection.rb:124:19:124:24 | call to params | ActiveRecordInjection.rb:124:19:124:30 | ...[...] | This SQL query depends on a $@. | ActiveRecordInjection.rb:124:19:124:24 | call to params | user-provided value |
| ActiveRecordInjection.rb:126:29:126:39 | ...[...] | ActiveRecordInjection.rb:126:29:126:34 | call to params | ActiveRecordInjection.rb:126:29:126:39 | ...[...] | This SQL query depends on a $@. | ActiveRecordInjection.rb:126:29:126:34 | call to params | user-provided value |
| ActiveRecordInjection.rb:138:20:138:32 | ... + ... | ActiveRecordInjection.rb:132:10:132:15 | call to params | ActiveRecordInjection.rb:138:20:138:32 | ... + ... | This SQL query depends on a $@. | ActiveRecordInjection.rb:132:10:132:15 | call to params | user-provided value |
| ActiveRecordInjection.rb:171:21:171:44 | ...[...] | ActiveRecordInjection.rb:171:21:171:26 | call to params | ActiveRecordInjection.rb:171:21:171:44 | ...[...] | This SQL query depends on a $@. | ActiveRecordInjection.rb:171:21:171:26 | call to params | user-provided value |
| ActiveRecordInjection.rb:185:27:185:76 | "this is an unsafe annotation:..." | ActiveRecordInjection.rb:185:59:185:64 | call to params | ActiveRecordInjection.rb:185:27:185:76 | "this is an unsafe annotation:..." | This SQL query depends on a $@. | ActiveRecordInjection.rb:185:59:185:64 | call to params | user-provided value |
| ActiveRecordInjection.rb:198:37:198:41 | query | ActiveRecordInjection.rb:203:5:203:10 | call to params | ActiveRecordInjection.rb:198:37:198:41 | query | This SQL query depends on a $@. | ActiveRecordInjection.rb:203:5:203:10 | call to params | user-provided value |
| ActiveRecordInjection.rb:207:43:207:104 | "SELECT * FROM users WHERE id ..." | ActiveRecordInjection.rb:203:5:203:10 | call to params | ActiveRecordInjection.rb:207:43:207:104 | "SELECT * FROM users WHERE id ..." | This SQL query depends on a $@. | ActiveRecordInjection.rb:203:5:203:10 | call to params | user-provided value |
| ActiveRecordInjection.rb:208:35:208:96 | "SELECT * FROM users WHERE id ..." | ActiveRecordInjection.rb:203:5:203:10 | call to params | ActiveRecordInjection.rb:208:35:208:96 | "SELECT * FROM users WHERE id ..." | This SQL query depends on a $@. | ActiveRecordInjection.rb:203:5:203:10 | call to params | user-provided value |
| ActiveRecordInjection.rb:213:38:213:53 | "role = #{...}" | ActiveRecordInjection.rb:219:29:219:34 | call to params | ActiveRecordInjection.rb:213:38:213:53 | "role = #{...}" | This SQL query depends on a $@. | ActiveRecordInjection.rb:219:29:219:34 | call to params | user-provided value |
| ArelInjection.rb:6:20:6:61 | "SELECT * FROM users WHERE nam..." | ArelInjection.rb:4:12:4:17 | call to params | ArelInjection.rb:6:20:6:61 | "SELECT * FROM users WHERE nam..." | This SQL query depends on a $@. | ArelInjection.rb:4:12:4:17 | call to params | user-provided value |
| ArelInjection.rb:7:39:7:80 | "SELECT * FROM users WHERE nam..." | ArelInjection.rb:4:12:4:17 | call to params | ArelInjection.rb:7:39:7:80 | "SELECT * FROM users WHERE nam..." | This SQL query depends on a $@. | ArelInjection.rb:4:12:4:17 | call to params | user-provided value |
| PgInjection.rb:14:15:14:18 | qry1 | PgInjection.rb:6:12:6:17 | call to params | PgInjection.rb:14:15:14:18 | qry1 | This SQL query depends on a $@. | PgInjection.rb:6:12:6:17 | call to params | user-provided value |
| PgInjection.rb:15:21:15:24 | qry1 | PgInjection.rb:6:12:6:17 | call to params | PgInjection.rb:15:21:15:24 | qry1 | This SQL query depends on a $@. | PgInjection.rb:6:12:6:17 | call to params | user-provided value |
| PgInjection.rb:20:22:20:25 | qry2 | PgInjection.rb:6:12:6:17 | call to params | PgInjection.rb:20:22:20:25 | qry2 | This SQL query depends on a $@. | PgInjection.rb:6:12:6:17 | call to params | user-provided value |
| PgInjection.rb:21:28:21:31 | qry2 | PgInjection.rb:6:12:6:17 | call to params | PgInjection.rb:21:28:21:31 | qry2 | This SQL query depends on a $@. | PgInjection.rb:6:12:6:17 | call to params | user-provided value |
| PgInjection.rb:32:29:32:32 | qry3 | PgInjection.rb:6:12:6:17 | call to params | PgInjection.rb:32:29:32:32 | qry3 | This SQL query depends on a $@. | PgInjection.rb:6:12:6:17 | call to params | user-provided value |
| PgInjection.rb:44:29:44:32 | qry3 | PgInjection.rb:6:12:6:17 | call to params | PgInjection.rb:44:29:44:32 | qry3 | This SQL query depends on a $@. | PgInjection.rb:6:12:6:17 | call to params | user-provided value |
