| code/h_classes.py:3:1:3:16 | ControlFlowNode for ClassExpr | code/h_classes.py:10:1:10:9 | ControlFlowNode for type() |
| code/h_classes.py:3:1:3:16 | ControlFlowNode for ClassExpr | code/h_classes.py:15:5:15:13 | ControlFlowNode for type() |
| code/l_calls.py:12:1:12:20 | ControlFlowNode for ClassExpr | code/l_calls.py:16:16:16:18 | ControlFlowNode for cls |
| code/l_calls.py:12:1:12:20 | ControlFlowNode for ClassExpr | code/l_calls.py:24:13:24:22 | ControlFlowNode for Attribute() |
| code/l_calls.py:12:1:12:20 | ControlFlowNode for ClassExpr | code/l_calls.py:25:16:25:16 | ControlFlowNode for a |
| code/n_nesting.py:0:0:0:0 | Entry node for Module code.n_nesting | code/i_imports.py:38:1:38:14 | ControlFlowNode for Attribute |
| code/package/module2.py:0:0:0:0 | Entry node for Module code.package.module2 | code/package/__init__.py:4:15:4:32 | ControlFlowNode for ImportMember |
| code/package/module2.py:0:0:0:0 | Entry node for Module code.package.module2 | code/package/__init__.py:7:15:7:32 | ControlFlowNode for ImportMember |
| code/package/module.py:0:0:0:0 | Entry node for Module code.package.module | code/package/__init__.py:1:6:1:12 | ControlFlowNode for ImportExpr |
| code/package/moduleX.py:0:0:0:0 | Entry node for Module code.package.moduleX | code/j_convoluted_imports.py:16:26:16:32 | ControlFlowNode for ImportMember |
| code/package/moduleX.py:0:0:0:0 | Entry node for Module code.package.moduleX | code/j_convoluted_imports.py:17:1:17:7 | ControlFlowNode for moduleX |
| code/package/moduleX.py:0:0:0:0 | Entry node for Module code.package.moduleX | code/package/__init__.py:8:26:8:32 | ControlFlowNode for ImportMember |
| code/package/x.py:0:0:0:0 | Entry node for Module code.package.x | code/i_imports.py:24:1:24:14 | ControlFlowNode for Attribute |
| code/package/x.py:0:0:0:0 | Entry node for Module code.package.x | code/j_convoluted_imports.py:6:8:6:8 | ControlFlowNode for ImportMember |
| code/package/x.py:0:0:0:0 | Entry node for Module code.package.x | code/j_convoluted_imports.py:14:34:14:34 | ControlFlowNode for ImportMember |
| code/t_type.py:3:1:3:16 | ControlFlowNode for ClassExpr | code/t_type.py:6:1:6:9 | ControlFlowNode for type() |
| code/t_type.py:3:1:3:16 | ControlFlowNode for ClassExpr | code/t_type.py:13:5:13:13 | ControlFlowNode for type() |
| code/test_package/module1.py:0:0:0:0 | Entry node for Module code.test_package.module1 | code/j_convoluted_imports.py:20:10:20:34 | ControlFlowNode for ImportExpr |
| code/test_package/module1.py:0:0:0:0 | Entry node for Module code.test_package.module1 | code/test_package/__init__.py:1:6:1:13 | ControlFlowNode for ImportExpr |
| code/test_package/module2.py:0:0:0:0 | Entry node for Module code.test_package.module2 | code/j_convoluted_imports.py:22:10:22:34 | ControlFlowNode for ImportExpr |
| code/test_package/module2.py:0:0:0:0 | Entry node for Module code.test_package.module2 | code/test_package/__init__.py:2:6:2:13 | ControlFlowNode for ImportExpr |
| code/xyz.py:0:0:0:0 | Entry node for Module code.xyz | code/i_imports.py:7:6:7:9 | ControlFlowNode for ImportExpr |
| code/xyz.py:0:0:0:0 | Entry node for Module code.xyz | code/i_imports.py:8:15:8:17 | ControlFlowNode for ImportMember |
| code/xyz.py:0:0:0:0 | Entry node for Module code.xyz | code/i_imports.py:9:1:9:3 | ControlFlowNode for xyz |
