edges
| gzipBombs.rb:2:1:2:9 | gzip_path | gzipBombs.rb:3:1:3:32 | call to open |
| gzipBombs.rb:2:1:2:9 | gzip_path | gzipBombs.rb:4:1:6:3 | call to open |
| gzipBombs.rb:2:1:2:9 | gzip_path | gzipBombs.rb:7:1:11:3 | call to open |
| gzipBombs.rb:2:1:2:9 | gzip_path | gzipBombs.rb:12:20:12:51 | call to open |
| gzipBombs.rb:2:1:2:9 | gzip_path | gzipBombs.rb:17:1:17:48 | call to new |
| gzipBombs.rb:2:1:2:9 | gzip_path | gzipBombs.rb:18:1:18:48 | call to new |
| gzipBombs.rb:2:1:2:9 | gzip_path | gzipBombs.rb:22:1:22:38 | call to zcat |
| gzipBombs.rb:2:13:2:29 | "Path/To/bomb.gz" | gzipBombs.rb:2:1:2:9 | gzip_path |
| gzipBombs.rb:17:22:17:47 | call to open | gzipBombs.rb:17:1:17:48 | call to new |
| gzipBombs.rb:18:22:18:47 | call to open | gzipBombs.rb:18:1:18:48 | call to new |
| gzipBombs.rb:22:23:22:37 | call to open | gzipBombs.rb:22:1:22:38 | call to zcat |
| zipBombs.rb:2:1:2:12 | zipfile_path | zipBombs.rb:3:1:8:3 | call to open |
| zipBombs.rb:2:1:2:12 | zipfile_path | zipBombs.rb:9:1:11:3 | call to open |
| zipBombs.rb:2:1:2:12 | zipfile_path | zipBombs.rb:12:9:12:43 | call to open |
| zipBombs.rb:2:1:2:12 | zipfile_path | zipBombs.rb:14:1:14:40 | call to read |
| zipBombs.rb:2:1:2:12 | zipfile_path | zipBombs.rb:15:1:15:49 | call to extract |
| zipBombs.rb:2:1:2:12 | zipfile_path | zipBombs.rb:29:27:29:38 | zipfile_path |
| zipBombs.rb:2:1:2:12 | zipfile_path | zipBombs.rb:48:6:48:32 | call to read |
| zipBombs.rb:2:1:2:12 | zipfile_path | zipBombs.rb:50:27:50:38 | zipfile_path |
| zipBombs.rb:2:16:2:33 | "Path/To/bomb.zip" | zipBombs.rb:2:1:2:12 | zipfile_path |
| zipBombs.rb:29:27:29:38 | zipfile_path | zipBombs.rb:31:3:31:15 | call to extract |
| zipBombs.rb:29:27:29:38 | zipfile_path | zipBombs.rb:32:3:32:29 | call to read |
| zipBombs.rb:50:27:50:38 | zipfile_path | zipBombs.rb:52:3:52:29 | call to read |
nodes
| gzipBombs.rb:2:1:2:9 | gzip_path | semmle.label | gzip_path |
| gzipBombs.rb:2:13:2:29 | "Path/To/bomb.gz" | semmle.label | "Path/To/bomb.gz" |
| gzipBombs.rb:3:1:3:32 | call to open | semmle.label | call to open |
| gzipBombs.rb:4:1:6:3 | call to open | semmle.label | call to open |
| gzipBombs.rb:7:1:11:3 | call to open | semmle.label | call to open |
| gzipBombs.rb:12:20:12:51 | call to open | semmle.label | call to open |
| gzipBombs.rb:17:1:17:48 | call to new | semmle.label | call to new |
| gzipBombs.rb:17:22:17:47 | call to open | semmle.label | call to open |
| gzipBombs.rb:18:1:18:48 | call to new | semmle.label | call to new |
| gzipBombs.rb:18:22:18:47 | call to open | semmle.label | call to open |
| gzipBombs.rb:22:1:22:38 | call to zcat | semmle.label | call to zcat |
| gzipBombs.rb:22:23:22:37 | call to open | semmle.label | call to open |
| zipBombs.rb:2:1:2:12 | zipfile_path | semmle.label | zipfile_path |
| zipBombs.rb:2:16:2:33 | "Path/To/bomb.zip" | semmle.label | "Path/To/bomb.zip" |
| zipBombs.rb:3:1:8:3 | call to open | semmle.label | call to open |
| zipBombs.rb:9:1:11:3 | call to open | semmle.label | call to open |
| zipBombs.rb:12:9:12:43 | call to open | semmle.label | call to open |
| zipBombs.rb:14:1:14:40 | call to read | semmle.label | call to read |
| zipBombs.rb:15:1:15:49 | call to extract | semmle.label | call to extract |
| zipBombs.rb:29:27:29:38 | zipfile_path | semmle.label | zipfile_path |
| zipBombs.rb:31:3:31:15 | call to extract | semmle.label | call to extract |
| zipBombs.rb:32:3:32:29 | call to read | semmle.label | call to read |
| zipBombs.rb:48:6:48:32 | call to read | semmle.label | call to read |
| zipBombs.rb:50:27:50:38 | zipfile_path | semmle.label | zipfile_path |
| zipBombs.rb:52:3:52:29 | call to read | semmle.label | call to read |
subpaths
#select
| gzipBombs.rb:3:1:3:32 | call to open | gzipBombs.rb:2:13:2:29 | "Path/To/bomb.gz" | gzipBombs.rb:3:1:3:32 | call to open | This file extraction depends on a $@. | gzipBombs.rb:2:13:2:29 | "Path/To/bomb.gz" | potentially untrusted source |
| gzipBombs.rb:3:1:3:32 | call to open | gzipBombs.rb:3:1:3:32 | call to open | gzipBombs.rb:3:1:3:32 | call to open | This file extraction depends on a $@. | gzipBombs.rb:3:1:3:32 | call to open | potentially untrusted source |
| gzipBombs.rb:4:1:6:3 | call to open | gzipBombs.rb:2:13:2:29 | "Path/To/bomb.gz" | gzipBombs.rb:4:1:6:3 | call to open | This file extraction depends on a $@. | gzipBombs.rb:2:13:2:29 | "Path/To/bomb.gz" | potentially untrusted source |
| gzipBombs.rb:4:1:6:3 | call to open | gzipBombs.rb:4:1:6:3 | call to open | gzipBombs.rb:4:1:6:3 | call to open | This file extraction depends on a $@. | gzipBombs.rb:4:1:6:3 | call to open | potentially untrusted source |
| gzipBombs.rb:7:1:11:3 | call to open | gzipBombs.rb:2:13:2:29 | "Path/To/bomb.gz" | gzipBombs.rb:7:1:11:3 | call to open | This file extraction depends on a $@. | gzipBombs.rb:2:13:2:29 | "Path/To/bomb.gz" | potentially untrusted source |
| gzipBombs.rb:7:1:11:3 | call to open | gzipBombs.rb:7:1:11:3 | call to open | gzipBombs.rb:7:1:11:3 | call to open | This file extraction depends on a $@. | gzipBombs.rb:7:1:11:3 | call to open | potentially untrusted source |
| gzipBombs.rb:12:20:12:51 | call to open | gzipBombs.rb:2:13:2:29 | "Path/To/bomb.gz" | gzipBombs.rb:12:20:12:51 | call to open | This file extraction depends on a $@. | gzipBombs.rb:2:13:2:29 | "Path/To/bomb.gz" | potentially untrusted source |
| gzipBombs.rb:12:20:12:51 | call to open | gzipBombs.rb:12:20:12:51 | call to open | gzipBombs.rb:12:20:12:51 | call to open | This file extraction depends on a $@. | gzipBombs.rb:12:20:12:51 | call to open | potentially untrusted source |
| gzipBombs.rb:17:1:17:48 | call to new | gzipBombs.rb:2:13:2:29 | "Path/To/bomb.gz" | gzipBombs.rb:17:1:17:48 | call to new | This file extraction depends on a $@. | gzipBombs.rb:2:13:2:29 | "Path/To/bomb.gz" | potentially untrusted source |
| gzipBombs.rb:17:1:17:48 | call to new | gzipBombs.rb:17:1:17:48 | call to new | gzipBombs.rb:17:1:17:48 | call to new | This file extraction depends on a $@. | gzipBombs.rb:17:1:17:48 | call to new | potentially untrusted source |
| gzipBombs.rb:17:1:17:48 | call to new | gzipBombs.rb:17:22:17:47 | call to open | gzipBombs.rb:17:1:17:48 | call to new | This file extraction depends on a $@. | gzipBombs.rb:17:22:17:47 | call to open | potentially untrusted source |
| gzipBombs.rb:18:1:18:48 | call to new | gzipBombs.rb:2:13:2:29 | "Path/To/bomb.gz" | gzipBombs.rb:18:1:18:48 | call to new | This file extraction depends on a $@. | gzipBombs.rb:2:13:2:29 | "Path/To/bomb.gz" | potentially untrusted source |
| gzipBombs.rb:18:1:18:48 | call to new | gzipBombs.rb:18:1:18:48 | call to new | gzipBombs.rb:18:1:18:48 | call to new | This file extraction depends on a $@. | gzipBombs.rb:18:1:18:48 | call to new | potentially untrusted source |
| gzipBombs.rb:18:1:18:48 | call to new | gzipBombs.rb:18:22:18:47 | call to open | gzipBombs.rb:18:1:18:48 | call to new | This file extraction depends on a $@. | gzipBombs.rb:18:22:18:47 | call to open | potentially untrusted source |
| gzipBombs.rb:22:1:22:38 | call to zcat | gzipBombs.rb:2:13:2:29 | "Path/To/bomb.gz" | gzipBombs.rb:22:1:22:38 | call to zcat | This file extraction depends on a $@. | gzipBombs.rb:2:13:2:29 | "Path/To/bomb.gz" | potentially untrusted source |
| gzipBombs.rb:22:1:22:38 | call to zcat | gzipBombs.rb:22:1:22:38 | call to zcat | gzipBombs.rb:22:1:22:38 | call to zcat | This file extraction depends on a $@. | gzipBombs.rb:22:1:22:38 | call to zcat | potentially untrusted source |
| gzipBombs.rb:22:1:22:38 | call to zcat | gzipBombs.rb:22:23:22:37 | call to open | gzipBombs.rb:22:1:22:38 | call to zcat | This file extraction depends on a $@. | gzipBombs.rb:22:23:22:37 | call to open | potentially untrusted source |
| zipBombs.rb:3:1:8:3 | call to open | zipBombs.rb:2:16:2:33 | "Path/To/bomb.zip" | zipBombs.rb:3:1:8:3 | call to open | This file extraction depends on a $@. | zipBombs.rb:2:16:2:33 | "Path/To/bomb.zip" | potentially untrusted source |
| zipBombs.rb:3:1:8:3 | call to open | zipBombs.rb:3:1:8:3 | call to open | zipBombs.rb:3:1:8:3 | call to open | This file extraction depends on a $@. | zipBombs.rb:3:1:8:3 | call to open | potentially untrusted source |
| zipBombs.rb:9:1:11:3 | call to open | zipBombs.rb:2:16:2:33 | "Path/To/bomb.zip" | zipBombs.rb:9:1:11:3 | call to open | This file extraction depends on a $@. | zipBombs.rb:2:16:2:33 | "Path/To/bomb.zip" | potentially untrusted source |
| zipBombs.rb:9:1:11:3 | call to open | zipBombs.rb:9:1:11:3 | call to open | zipBombs.rb:9:1:11:3 | call to open | This file extraction depends on a $@. | zipBombs.rb:9:1:11:3 | call to open | potentially untrusted source |
| zipBombs.rb:12:9:12:43 | call to open | zipBombs.rb:2:16:2:33 | "Path/To/bomb.zip" | zipBombs.rb:12:9:12:43 | call to open | This file extraction depends on a $@. | zipBombs.rb:2:16:2:33 | "Path/To/bomb.zip" | potentially untrusted source |
| zipBombs.rb:12:9:12:43 | call to open | zipBombs.rb:12:9:12:43 | call to open | zipBombs.rb:12:9:12:43 | call to open | This file extraction depends on a $@. | zipBombs.rb:12:9:12:43 | call to open | potentially untrusted source |
| zipBombs.rb:14:1:14:40 | call to read | zipBombs.rb:2:16:2:33 | "Path/To/bomb.zip" | zipBombs.rb:14:1:14:40 | call to read | This file extraction depends on a $@. | zipBombs.rb:2:16:2:33 | "Path/To/bomb.zip" | potentially untrusted source |
| zipBombs.rb:14:1:14:40 | call to read | zipBombs.rb:14:1:14:40 | call to read | zipBombs.rb:14:1:14:40 | call to read | This file extraction depends on a $@. | zipBombs.rb:14:1:14:40 | call to read | potentially untrusted source |
| zipBombs.rb:15:1:15:49 | call to extract | zipBombs.rb:2:16:2:33 | "Path/To/bomb.zip" | zipBombs.rb:15:1:15:49 | call to extract | This file extraction depends on a $@. | zipBombs.rb:2:16:2:33 | "Path/To/bomb.zip" | potentially untrusted source |
| zipBombs.rb:15:1:15:49 | call to extract | zipBombs.rb:15:1:15:49 | call to extract | zipBombs.rb:15:1:15:49 | call to extract | This file extraction depends on a $@. | zipBombs.rb:15:1:15:49 | call to extract | potentially untrusted source |
| zipBombs.rb:31:3:31:15 | call to extract | zipBombs.rb:2:16:2:33 | "Path/To/bomb.zip" | zipBombs.rb:31:3:31:15 | call to extract | This file extraction depends on a $@. | zipBombs.rb:2:16:2:33 | "Path/To/bomb.zip" | potentially untrusted source |
| zipBombs.rb:31:3:31:15 | call to extract | zipBombs.rb:31:3:31:15 | call to extract | zipBombs.rb:31:3:31:15 | call to extract | This file extraction depends on a $@. | zipBombs.rb:31:3:31:15 | call to extract | potentially untrusted source |
| zipBombs.rb:32:3:32:29 | call to read | zipBombs.rb:2:16:2:33 | "Path/To/bomb.zip" | zipBombs.rb:32:3:32:29 | call to read | This file extraction depends on a $@. | zipBombs.rb:2:16:2:33 | "Path/To/bomb.zip" | potentially untrusted source |
| zipBombs.rb:32:3:32:29 | call to read | zipBombs.rb:32:3:32:29 | call to read | zipBombs.rb:32:3:32:29 | call to read | This file extraction depends on a $@. | zipBombs.rb:32:3:32:29 | call to read | potentially untrusted source |
| zipBombs.rb:48:6:48:32 | call to read | zipBombs.rb:2:16:2:33 | "Path/To/bomb.zip" | zipBombs.rb:48:6:48:32 | call to read | This file extraction depends on a $@. | zipBombs.rb:2:16:2:33 | "Path/To/bomb.zip" | potentially untrusted source |
| zipBombs.rb:48:6:48:32 | call to read | zipBombs.rb:48:6:48:32 | call to read | zipBombs.rb:48:6:48:32 | call to read | This file extraction depends on a $@. | zipBombs.rb:48:6:48:32 | call to read | potentially untrusted source |
| zipBombs.rb:52:3:52:29 | call to read | zipBombs.rb:2:16:2:33 | "Path/To/bomb.zip" | zipBombs.rb:52:3:52:29 | call to read | This file extraction depends on a $@. | zipBombs.rb:2:16:2:33 | "Path/To/bomb.zip" | potentially untrusted source |
| zipBombs.rb:52:3:52:29 | call to read | zipBombs.rb:52:3:52:29 | call to read | zipBombs.rb:52:3:52:29 | call to read | This file extraction depends on a $@. | zipBombs.rb:52:3:52:29 | call to read | potentially untrusted source |
