WARNING: Unused predicate instance (/home/am/CodeQL-home/codeql-repo/ruby/ql/src/experimental/CWE-522-DecompressionBombs/BombsV1.ql:192,17-25)
WARNING: Unused predicate oneBlockParameter (/home/am/CodeQL-home/codeql-repo/ruby/ql/src/experimental/CWE-522-DecompressionBombs/BombsV1.ql:270,15-32)
WARNING: Unused predicate twoBlockParameter (/home/am/CodeQL-home/codeql-repo/ruby/ql/src/experimental/CWE-522-DecompressionBombs/BombsV1.ql:284,15-32)
edges
| file://:0:0:0:0 | [summary param] self in each(0) | gzipBombs.rb:8:29:8:33 | entry |
| file://:0:0:0:0 | [summary param] self in each(0) | gzipBombs.rb:13:27:13:31 | entry |
| file://:0:0:0:0 | [summary param] self in each(0) | gzipBombs.rb:18:59:18:63 | entry |
| gzipBombs.rb:2:1:2:9 | gzip_path | gzipBombs.rb:3:1:3:37 | call to read |
| gzipBombs.rb:2:1:2:9 | gzip_path | gzipBombs.rb:4:23:4:31 | gzip_path |
| gzipBombs.rb:2:1:2:9 | gzip_path | gzipBombs.rb:7:23:7:31 | gzip_path |
| gzipBombs.rb:2:1:2:9 | gzip_path | gzipBombs.rb:12:1:12:16 | uncompressedfile |
| gzipBombs.rb:2:1:2:9 | gzip_path | gzipBombs.rb:12:20:12:51 | call to open |
| gzipBombs.rb:2:1:2:9 | gzip_path | gzipBombs.rb:17:1:17:53 | call to read |
| gzipBombs.rb:2:1:2:9 | gzip_path | gzipBombs.rb:18:1:18:48 | call to new |
| gzipBombs.rb:2:1:2:9 | gzip_path | gzipBombs.rb:22:23:22:37 | call to open |
| gzipBombs.rb:2:13:2:29 | "Path/To/bomb.gz" | gzipBombs.rb:2:1:2:9 | gzip_path |
| gzipBombs.rb:4:23:4:31 | gzip_path | gzipBombs.rb:5:8:5:28 | call to read |
| gzipBombs.rb:7:23:7:31 | gzip_path | gzipBombs.rb:7:38:7:53 | uncompressedfile |
| gzipBombs.rb:7:38:7:53 | uncompressedfile | gzipBombs.rb:8:3:8:18 | uncompressedfile |
| gzipBombs.rb:7:38:7:53 | uncompressedfile | gzipBombs.rb:8:29:8:33 | entry |
| gzipBombs.rb:8:3:8:18 | uncompressedfile | gzipBombs.rb:8:29:8:33 | entry |
| gzipBombs.rb:12:1:12:16 | uncompressedfile | gzipBombs.rb:13:1:13:16 | uncompressedfile |
| gzipBombs.rb:12:20:12:51 | call to open | gzipBombs.rb:12:1:12:16 | uncompressedfile |
| gzipBombs.rb:12:20:12:51 | call to open | gzipBombs.rb:13:27:13:31 | entry |
| gzipBombs.rb:13:1:13:16 | uncompressedfile | gzipBombs.rb:13:27:13:31 | entry |
| gzipBombs.rb:17:22:17:47 | call to open | gzipBombs.rb:17:1:17:53 | call to read |
| gzipBombs.rb:18:1:18:48 | call to new | gzipBombs.rb:18:59:18:63 | entry |
| gzipBombs.rb:18:22:18:47 | call to open | gzipBombs.rb:18:1:18:48 | call to new |
| zipBombs.rb:2:1:2:12 | zipfile_path | zipBombs.rb:9:23:9:34 | zipfile_path |
| zipBombs.rb:2:1:2:12 | zipfile_path | zipBombs.rb:14:1:14:40 | call to read |
| zipBombs.rb:2:1:2:12 | zipfile_path | zipBombs.rb:15:1:15:49 | call to extract |
| zipBombs.rb:2:1:2:12 | zipfile_path | zipBombs.rb:17:16:17:27 | zipfile_path |
| zipBombs.rb:2:1:2:12 | zipfile_path | zipBombs.rb:29:27:29:38 | zipfile_path |
| zipBombs.rb:2:1:2:12 | zipfile_path | zipBombs.rb:36:16:36:27 | zipfile_path |
| zipBombs.rb:2:1:2:12 | zipfile_path | zipBombs.rb:48:6:48:27 | call to get_input_stream |
| zipBombs.rb:2:1:2:12 | zipfile_path | zipBombs.rb:50:27:50:38 | zipfile_path |
| zipBombs.rb:2:16:2:33 | "Path/To/bomb.zip" | zipBombs.rb:2:1:2:12 | zipfile_path |
| zipBombs.rb:9:23:9:34 | zipfile_path | zipBombs.rb:10:3:10:12 | call to read |
| zipBombs.rb:17:16:17:27 | zipfile_path | zipBombs.rb:23:5:23:17 | call to extract |
| zipBombs.rb:17:16:17:27 | zipfile_path | zipBombs.rb:25:5:25:26 | call to get_input_stream |
| zipBombs.rb:29:27:29:38 | zipfile_path | zipBombs.rb:31:3:31:15 | call to extract |
| zipBombs.rb:29:27:29:38 | zipfile_path | zipBombs.rb:32:3:32:24 | call to get_input_stream |
| zipBombs.rb:36:16:36:27 | zipfile_path | zipBombs.rb:38:5:38:29 | call to read |
| zipBombs.rb:36:16:36:27 | zipfile_path | zipBombs.rb:43:8:43:29 | call to get_input_stream |
| zipBombs.rb:50:27:50:38 | zipfile_path | zipBombs.rb:52:3:52:24 | call to get_input_stream |
nodes
| file://:0:0:0:0 | [summary param] self in each(0) | semmle.label | [summary param] self in each(0) |
| gzipBombs.rb:2:1:2:9 | gzip_path | semmle.label | gzip_path |
| gzipBombs.rb:2:13:2:29 | "Path/To/bomb.gz" | semmle.label | "Path/To/bomb.gz" |
| gzipBombs.rb:3:1:3:37 | call to read | semmle.label | call to read |
| gzipBombs.rb:4:23:4:31 | gzip_path | semmle.label | gzip_path |
| gzipBombs.rb:5:8:5:28 | call to read | semmle.label | call to read |
| gzipBombs.rb:7:23:7:31 | gzip_path | semmle.label | gzip_path |
| gzipBombs.rb:7:38:7:53 | uncompressedfile | semmle.label | uncompressedfile |
| gzipBombs.rb:8:3:8:18 | uncompressedfile | semmle.label | uncompressedfile |
| gzipBombs.rb:8:29:8:33 | entry | semmle.label | entry |
| gzipBombs.rb:12:1:12:16 | uncompressedfile | semmle.label | uncompressedfile |
| gzipBombs.rb:12:20:12:51 | call to open | semmle.label | call to open |
| gzipBombs.rb:13:1:13:16 | uncompressedfile | semmle.label | uncompressedfile |
| gzipBombs.rb:13:27:13:31 | entry | semmle.label | entry |
| gzipBombs.rb:17:1:17:53 | call to read | semmle.label | call to read |
| gzipBombs.rb:17:22:17:47 | call to open | semmle.label | call to open |
| gzipBombs.rb:18:1:18:48 | call to new | semmle.label | call to new |
| gzipBombs.rb:18:22:18:47 | call to open | semmle.label | call to open |
| gzipBombs.rb:18:59:18:63 | entry | semmle.label | entry |
| gzipBombs.rb:22:23:22:37 | call to open | semmle.label | call to open |
| zipBombs.rb:2:1:2:12 | zipfile_path | semmle.label | zipfile_path |
| zipBombs.rb:2:16:2:33 | "Path/To/bomb.zip" | semmle.label | "Path/To/bomb.zip" |
| zipBombs.rb:9:23:9:34 | zipfile_path | semmle.label | zipfile_path |
| zipBombs.rb:10:3:10:12 | call to read | semmle.label | call to read |
| zipBombs.rb:14:1:14:40 | call to read | semmle.label | call to read |
| zipBombs.rb:15:1:15:49 | call to extract | semmle.label | call to extract |
| zipBombs.rb:17:16:17:27 | zipfile_path | semmle.label | zipfile_path |
| zipBombs.rb:23:5:23:17 | call to extract | semmle.label | call to extract |
| zipBombs.rb:25:5:25:26 | call to get_input_stream | semmle.label | call to get_input_stream |
| zipBombs.rb:29:27:29:38 | zipfile_path | semmle.label | zipfile_path |
| zipBombs.rb:31:3:31:15 | call to extract | semmle.label | call to extract |
| zipBombs.rb:32:3:32:24 | call to get_input_stream | semmle.label | call to get_input_stream |
| zipBombs.rb:36:16:36:27 | zipfile_path | semmle.label | zipfile_path |
| zipBombs.rb:38:5:38:29 | call to read | semmle.label | call to read |
| zipBombs.rb:43:8:43:29 | call to get_input_stream | semmle.label | call to get_input_stream |
| zipBombs.rb:48:6:48:27 | call to get_input_stream | semmle.label | call to get_input_stream |
| zipBombs.rb:50:27:50:38 | zipfile_path | semmle.label | zipfile_path |
| zipBombs.rb:52:3:52:24 | call to get_input_stream | semmle.label | call to get_input_stream |
subpaths
#select
| gzipBombs.rb:3:1:3:37 | call to read | gzipBombs.rb:2:13:2:29 | "Path/To/bomb.gz" | gzipBombs.rb:3:1:3:37 | call to read | This file extraction depends on a $@. | gzipBombs.rb:2:13:2:29 | "Path/To/bomb.gz" | potentially untrusted source |
| gzipBombs.rb:3:1:3:37 | call to read | gzipBombs.rb:3:1:3:37 | call to read | gzipBombs.rb:3:1:3:37 | call to read | This file extraction depends on a $@. | gzipBombs.rb:3:1:3:37 | call to read | potentially untrusted source |
| gzipBombs.rb:5:8:5:28 | call to read | gzipBombs.rb:2:13:2:29 | "Path/To/bomb.gz" | gzipBombs.rb:5:8:5:28 | call to read | This file extraction depends on a $@. | gzipBombs.rb:2:13:2:29 | "Path/To/bomb.gz" | potentially untrusted source |
| gzipBombs.rb:5:8:5:28 | call to read | gzipBombs.rb:5:8:5:28 | call to read | gzipBombs.rb:5:8:5:28 | call to read | This file extraction depends on a $@. | gzipBombs.rb:5:8:5:28 | call to read | potentially untrusted source |
| gzipBombs.rb:8:29:8:33 | entry | file://:0:0:0:0 | [summary param] self in each(0) | gzipBombs.rb:8:29:8:33 | entry | This file extraction depends on a $@. | file://:0:0:0:0 | [summary param] self in each(0) | potentially untrusted source |
| gzipBombs.rb:8:29:8:33 | entry | gzipBombs.rb:2:13:2:29 | "Path/To/bomb.gz" | gzipBombs.rb:8:29:8:33 | entry | This file extraction depends on a $@. | gzipBombs.rb:2:13:2:29 | "Path/To/bomb.gz" | potentially untrusted source |
| gzipBombs.rb:8:29:8:33 | entry | gzipBombs.rb:7:38:7:53 | uncompressedfile | gzipBombs.rb:8:29:8:33 | entry | This file extraction depends on a $@. | gzipBombs.rb:7:38:7:53 | uncompressedfile | potentially untrusted source |
| gzipBombs.rb:8:29:8:33 | entry | gzipBombs.rb:8:29:8:33 | entry | gzipBombs.rb:8:29:8:33 | entry | This file extraction depends on a $@. | gzipBombs.rb:8:29:8:33 | entry | potentially untrusted source |
| gzipBombs.rb:13:27:13:31 | entry | file://:0:0:0:0 | [summary param] self in each(0) | gzipBombs.rb:13:27:13:31 | entry | This file extraction depends on a $@. | file://:0:0:0:0 | [summary param] self in each(0) | potentially untrusted source |
| gzipBombs.rb:13:27:13:31 | entry | gzipBombs.rb:2:13:2:29 | "Path/To/bomb.gz" | gzipBombs.rb:13:27:13:31 | entry | This file extraction depends on a $@. | gzipBombs.rb:2:13:2:29 | "Path/To/bomb.gz" | potentially untrusted source |
| gzipBombs.rb:13:27:13:31 | entry | gzipBombs.rb:12:20:12:51 | call to open | gzipBombs.rb:13:27:13:31 | entry | This file extraction depends on a $@. | gzipBombs.rb:12:20:12:51 | call to open | potentially untrusted source |
| gzipBombs.rb:13:27:13:31 | entry | gzipBombs.rb:13:27:13:31 | entry | gzipBombs.rb:13:27:13:31 | entry | This file extraction depends on a $@. | gzipBombs.rb:13:27:13:31 | entry | potentially untrusted source |
| gzipBombs.rb:17:1:17:53 | call to read | gzipBombs.rb:2:13:2:29 | "Path/To/bomb.gz" | gzipBombs.rb:17:1:17:53 | call to read | This file extraction depends on a $@. | gzipBombs.rb:2:13:2:29 | "Path/To/bomb.gz" | potentially untrusted source |
| gzipBombs.rb:17:1:17:53 | call to read | gzipBombs.rb:17:1:17:53 | call to read | gzipBombs.rb:17:1:17:53 | call to read | This file extraction depends on a $@. | gzipBombs.rb:17:1:17:53 | call to read | potentially untrusted source |
| gzipBombs.rb:17:1:17:53 | call to read | gzipBombs.rb:17:22:17:47 | call to open | gzipBombs.rb:17:1:17:53 | call to read | This file extraction depends on a $@. | gzipBombs.rb:17:22:17:47 | call to open | potentially untrusted source |
| gzipBombs.rb:18:59:18:63 | entry | file://:0:0:0:0 | [summary param] self in each(0) | gzipBombs.rb:18:59:18:63 | entry | This file extraction depends on a $@. | file://:0:0:0:0 | [summary param] self in each(0) | potentially untrusted source |
| gzipBombs.rb:18:59:18:63 | entry | gzipBombs.rb:2:13:2:29 | "Path/To/bomb.gz" | gzipBombs.rb:18:59:18:63 | entry | This file extraction depends on a $@. | gzipBombs.rb:2:13:2:29 | "Path/To/bomb.gz" | potentially untrusted source |
| gzipBombs.rb:18:59:18:63 | entry | gzipBombs.rb:18:1:18:48 | call to new | gzipBombs.rb:18:59:18:63 | entry | This file extraction depends on a $@. | gzipBombs.rb:18:1:18:48 | call to new | potentially untrusted source |
| gzipBombs.rb:18:59:18:63 | entry | gzipBombs.rb:18:22:18:47 | call to open | gzipBombs.rb:18:59:18:63 | entry | This file extraction depends on a $@. | gzipBombs.rb:18:22:18:47 | call to open | potentially untrusted source |
| gzipBombs.rb:18:59:18:63 | entry | gzipBombs.rb:18:59:18:63 | entry | gzipBombs.rb:18:59:18:63 | entry | This file extraction depends on a $@. | gzipBombs.rb:18:59:18:63 | entry | potentially untrusted source |
| gzipBombs.rb:22:23:22:37 | call to open | gzipBombs.rb:2:13:2:29 | "Path/To/bomb.gz" | gzipBombs.rb:22:23:22:37 | call to open | This file extraction depends on a $@. | gzipBombs.rb:2:13:2:29 | "Path/To/bomb.gz" | potentially untrusted source |
| gzipBombs.rb:22:23:22:37 | call to open | gzipBombs.rb:22:23:22:37 | call to open | gzipBombs.rb:22:23:22:37 | call to open | This file extraction depends on a $@. | gzipBombs.rb:22:23:22:37 | call to open | potentially untrusted source |
| zipBombs.rb:10:3:10:12 | call to read | zipBombs.rb:2:16:2:33 | "Path/To/bomb.zip" | zipBombs.rb:10:3:10:12 | call to read | This file extraction depends on a $@. | zipBombs.rb:2:16:2:33 | "Path/To/bomb.zip" | potentially untrusted source |
| zipBombs.rb:10:3:10:12 | call to read | zipBombs.rb:10:3:10:12 | call to read | zipBombs.rb:10:3:10:12 | call to read | This file extraction depends on a $@. | zipBombs.rb:10:3:10:12 | call to read | potentially untrusted source |
| zipBombs.rb:14:1:14:40 | call to read | zipBombs.rb:2:16:2:33 | "Path/To/bomb.zip" | zipBombs.rb:14:1:14:40 | call to read | This file extraction depends on a $@. | zipBombs.rb:2:16:2:33 | "Path/To/bomb.zip" | potentially untrusted source |
| zipBombs.rb:14:1:14:40 | call to read | zipBombs.rb:14:1:14:40 | call to read | zipBombs.rb:14:1:14:40 | call to read | This file extraction depends on a $@. | zipBombs.rb:14:1:14:40 | call to read | potentially untrusted source |
| zipBombs.rb:15:1:15:49 | call to extract | zipBombs.rb:2:16:2:33 | "Path/To/bomb.zip" | zipBombs.rb:15:1:15:49 | call to extract | This file extraction depends on a $@. | zipBombs.rb:2:16:2:33 | "Path/To/bomb.zip" | potentially untrusted source |
| zipBombs.rb:15:1:15:49 | call to extract | zipBombs.rb:15:1:15:49 | call to extract | zipBombs.rb:15:1:15:49 | call to extract | This file extraction depends on a $@. | zipBombs.rb:15:1:15:49 | call to extract | potentially untrusted source |
| zipBombs.rb:23:5:23:17 | call to extract | zipBombs.rb:2:16:2:33 | "Path/To/bomb.zip" | zipBombs.rb:23:5:23:17 | call to extract | This file extraction depends on a $@. | zipBombs.rb:2:16:2:33 | "Path/To/bomb.zip" | potentially untrusted source |
| zipBombs.rb:23:5:23:17 | call to extract | zipBombs.rb:23:5:23:17 | call to extract | zipBombs.rb:23:5:23:17 | call to extract | This file extraction depends on a $@. | zipBombs.rb:23:5:23:17 | call to extract | potentially untrusted source |
| zipBombs.rb:25:5:25:26 | call to get_input_stream | zipBombs.rb:2:16:2:33 | "Path/To/bomb.zip" | zipBombs.rb:25:5:25:26 | call to get_input_stream | This file extraction depends on a $@. | zipBombs.rb:2:16:2:33 | "Path/To/bomb.zip" | potentially untrusted source |
| zipBombs.rb:25:5:25:26 | call to get_input_stream | zipBombs.rb:25:5:25:26 | call to get_input_stream | zipBombs.rb:25:5:25:26 | call to get_input_stream | This file extraction depends on a $@. | zipBombs.rb:25:5:25:26 | call to get_input_stream | potentially untrusted source |
| zipBombs.rb:31:3:31:15 | call to extract | zipBombs.rb:2:16:2:33 | "Path/To/bomb.zip" | zipBombs.rb:31:3:31:15 | call to extract | This file extraction depends on a $@. | zipBombs.rb:2:16:2:33 | "Path/To/bomb.zip" | potentially untrusted source |
| zipBombs.rb:31:3:31:15 | call to extract | zipBombs.rb:31:3:31:15 | call to extract | zipBombs.rb:31:3:31:15 | call to extract | This file extraction depends on a $@. | zipBombs.rb:31:3:31:15 | call to extract | potentially untrusted source |
| zipBombs.rb:32:3:32:24 | call to get_input_stream | zipBombs.rb:2:16:2:33 | "Path/To/bomb.zip" | zipBombs.rb:32:3:32:24 | call to get_input_stream | This file extraction depends on a $@. | zipBombs.rb:2:16:2:33 | "Path/To/bomb.zip" | potentially untrusted source |
| zipBombs.rb:32:3:32:24 | call to get_input_stream | zipBombs.rb:32:3:32:24 | call to get_input_stream | zipBombs.rb:32:3:32:24 | call to get_input_stream | This file extraction depends on a $@. | zipBombs.rb:32:3:32:24 | call to get_input_stream | potentially untrusted source |
| zipBombs.rb:38:5:38:29 | call to read | zipBombs.rb:2:16:2:33 | "Path/To/bomb.zip" | zipBombs.rb:38:5:38:29 | call to read | This file extraction depends on a $@. | zipBombs.rb:2:16:2:33 | "Path/To/bomb.zip" | potentially untrusted source |
| zipBombs.rb:38:5:38:29 | call to read | zipBombs.rb:38:5:38:29 | call to read | zipBombs.rb:38:5:38:29 | call to read | This file extraction depends on a $@. | zipBombs.rb:38:5:38:29 | call to read | potentially untrusted source |
| zipBombs.rb:43:8:43:29 | call to get_input_stream | zipBombs.rb:2:16:2:33 | "Path/To/bomb.zip" | zipBombs.rb:43:8:43:29 | call to get_input_stream | This file extraction depends on a $@. | zipBombs.rb:2:16:2:33 | "Path/To/bomb.zip" | potentially untrusted source |
| zipBombs.rb:43:8:43:29 | call to get_input_stream | zipBombs.rb:43:8:43:29 | call to get_input_stream | zipBombs.rb:43:8:43:29 | call to get_input_stream | This file extraction depends on a $@. | zipBombs.rb:43:8:43:29 | call to get_input_stream | potentially untrusted source |
| zipBombs.rb:48:6:48:27 | call to get_input_stream | zipBombs.rb:2:16:2:33 | "Path/To/bomb.zip" | zipBombs.rb:48:6:48:27 | call to get_input_stream | This file extraction depends on a $@. | zipBombs.rb:2:16:2:33 | "Path/To/bomb.zip" | potentially untrusted source |
| zipBombs.rb:48:6:48:27 | call to get_input_stream | zipBombs.rb:48:6:48:27 | call to get_input_stream | zipBombs.rb:48:6:48:27 | call to get_input_stream | This file extraction depends on a $@. | zipBombs.rb:48:6:48:27 | call to get_input_stream | potentially untrusted source |
| zipBombs.rb:52:3:52:24 | call to get_input_stream | zipBombs.rb:2:16:2:33 | "Path/To/bomb.zip" | zipBombs.rb:52:3:52:24 | call to get_input_stream | This file extraction depends on a $@. | zipBombs.rb:2:16:2:33 | "Path/To/bomb.zip" | potentially untrusted source |
| zipBombs.rb:52:3:52:24 | call to get_input_stream | zipBombs.rb:52:3:52:24 | call to get_input_stream | zipBombs.rb:52:3:52:24 | call to get_input_stream | This file extraction depends on a $@. | zipBombs.rb:52:3:52:24 | call to get_input_stream | potentially untrusted source |
