nodes
| main-adm-zip.js:31:22:31:24 | req |
| main-adm-zip.js:31:22:31:24 | req |
| main-adm-zip.js:32:13:32:15 | req |
| main-adm-zip.js:32:13:32:21 | req.files |
| main-adm-zip.js:32:13:32:21 | req.files |
| main-adm-zip.js:32:13:32:33 | req.fil ... ombFile |
| main-adm-zip.js:36:18:36:24 | tarFile |
| main-adm-zip.js:36:18:36:24 | tarFile |
| main-adm-zip.js:36:18:36:24 | tarFile |
| main-adm-zip.js:43:22:43:28 | tarFile |
| main-adm-zip.js:43:22:43:28 | tarFile |
| main-adm-zip.js:43:22:43:33 | tarFile.data |
| main-adm-zip.js:43:22:43:33 | tarFile.data |
| main-adm-zip.js:43:22:43:33 | tarFile.data |
| main-adm-zip.js:47:25:47:42 | zipEntry.getData() |
| main-adm-zip.js:47:25:47:42 | zipEntry.getData() |
| main-adm-zip.js:47:25:47:42 | zipEntry.getData() |
| main-adm-zip.js:51:17:51:41 | admZip. ... "10GB") |
| main-adm-zip.js:51:17:51:41 | admZip. ... "10GB") |
| main-adm-zip.js:51:17:51:41 | admZip. ... "10GB") |
| main-adm-zip.js:53:5:53:55 | admZip. ... , true) |
| main-adm-zip.js:53:5:53:55 | admZip. ... , true) |
| main-adm-zip.js:53:5:53:55 | admZip. ... , true) |
| main-adm-zip.js:55:5:55:38 | admZip. ... , true) |
| main-adm-zip.js:55:5:55:38 | admZip. ... , true) |
| main-adm-zip.js:55:5:55:38 | admZip. ... , true) |
| main-pako.js:11:22:11:24 | req |
| main-pako.js:11:22:11:24 | req |
| main-pako.js:12:14:12:16 | req |
| main-pako.js:12:14:12:22 | req.files |
| main-pako.js:12:14:12:22 | req.files |
| main-pako.js:12:14:12:34 | req.fil ... ombFile |
| main-pako.js:13:14:13:16 | req |
| main-pako.js:13:14:13:22 | req.files |
| main-pako.js:13:14:13:22 | req.files |
| main-pako.js:13:14:13:34 | req.fil ... ombFile |
| main-pako.js:17:19:17:25 | zipFile |
| main-pako.js:17:19:17:25 | zipFile |
| main-pako.js:17:19:17:25 | zipFile |
| main-pako.js:18:11:18:68 | myArray |
| main-pako.js:18:11:18:68 | myArray |
| main-pako.js:18:21:18:68 | Buffer. ... uffer)) |
| main-pako.js:18:21:18:68 | Buffer. ... uffer)) |
| main-pako.js:18:33:18:67 | new Uin ... buffer) |
| main-pako.js:18:33:18:67 | new Uin ... buffer) |
| main-pako.js:18:48:18:54 | zipFile |
| main-pako.js:18:48:18:54 | zipFile |
| main-pako.js:18:48:18:59 | zipFile.data |
| main-pako.js:18:48:18:59 | zipFile.data |
| main-pako.js:18:48:18:66 | zipFile.data.buffer |
| main-pako.js:18:48:18:66 | zipFile.data.buffer |
| main-pako.js:21:31:21:37 | myArray |
| main-pako.js:21:31:21:37 | myArray |
| main-pako.js:21:31:21:37 | myArray |
| main-pako.js:28:19:28:25 | zipFile |
| main-pako.js:28:19:28:25 | zipFile |
| main-pako.js:28:19:28:25 | zipFile |
| main-pako.js:29:11:29:62 | myArray |
| main-pako.js:29:11:29:62 | myArray |
| main-pako.js:29:21:29:55 | new Uin ... buffer) |
| main-pako.js:29:21:29:55 | new Uin ... buffer) |
| main-pako.js:29:21:29:62 | new Uin ... .buffer |
| main-pako.js:29:21:29:62 | new Uin ... .buffer |
| main-pako.js:29:36:29:42 | zipFile |
| main-pako.js:29:36:29:42 | zipFile |
| main-pako.js:29:36:29:47 | zipFile.data |
| main-pako.js:29:36:29:47 | zipFile.data |
| main-pako.js:29:36:29:54 | zipFile.data.buffer |
| main-pako.js:29:36:29:54 | zipFile.data.buffer |
| main-pako.js:32:31:32:37 | myArray |
| main-pako.js:32:31:32:37 | myArray |
| main-pako.js:32:31:32:37 | myArray |
| main-zlib.js:14:22:14:24 | req |
| main-zlib.js:14:22:14:24 | req |
| main-zlib.js:15:19:15:21 | req |
| main-zlib.js:15:19:15:27 | req.files |
| main-zlib.js:15:19:15:27 | req.files |
| main-zlib.js:15:19:15:39 | req.fil ... ombFile |
| main-zlib.js:17:18:17:20 | req |
| main-zlib.js:17:18:17:26 | req.files |
| main-zlib.js:17:18:17:26 | req.files |
| main-zlib.js:17:18:17:38 | req.fil ... ombFile |
| main-zlib.js:19:24:19:26 | req |
| main-zlib.js:19:24:19:32 | req.files |
| main-zlib.js:19:24:19:32 | req.files |
| main-zlib.js:19:24:19:44 | req.fil ... ombFile |
| main-zlib.js:25:24:25:30 | zipFile |
| main-zlib.js:25:24:25:30 | zipFile |
| main-zlib.js:25:24:25:30 | zipFile |
| main-zlib.js:27:9:27:15 | zipFile |
| main-zlib.js:27:9:27:15 | zipFile |
| main-zlib.js:27:9:27:20 | zipFile.data |
| main-zlib.js:27:9:27:20 | zipFile.data |
| main-zlib.js:27:9:27:20 | zipFile.data |
| main-zlib.js:31:9:31:15 | zipFile |
| main-zlib.js:31:9:31:15 | zipFile |
| main-zlib.js:31:9:31:20 | zipFile.data |
| main-zlib.js:31:9:31:20 | zipFile.data |
| main-zlib.js:31:9:31:20 | zipFile.data |
| main-zlib.js:36:9:36:15 | zipFile |
| main-zlib.js:36:9:36:15 | zipFile |
| main-zlib.js:36:9:36:20 | zipFile.data |
| main-zlib.js:36:9:36:20 | zipFile.data |
| main-zlib.js:36:9:36:20 | zipFile.data |
| main-zlib.js:60:23:60:29 | zipFile |
| main-zlib.js:60:23:60:29 | zipFile |
| main-zlib.js:60:23:60:29 | zipFile |
| main-zlib.js:61:21:61:27 | zipFile |
| main-zlib.js:61:21:61:27 | zipFile |
| main-zlib.js:61:21:61:32 | zipFile.data |
| main-zlib.js:61:21:61:32 | zipFile.data |
| main-zlib.js:61:21:61:32 | zipFile.data |
| main-zlib.js:62:20:62:26 | zipFile |
| main-zlib.js:62:20:62:26 | zipFile |
| main-zlib.js:62:20:62:31 | zipFile.data |
| main-zlib.js:62:20:62:31 | zipFile.data |
| main-zlib.js:62:20:62:31 | zipFile.data |
| main-zlib.js:63:31:63:37 | zipFile |
| main-zlib.js:63:31:63:37 | zipFile |
| main-zlib.js:63:31:63:42 | zipFile.data |
| main-zlib.js:63:31:63:42 | zipFile.data |
| main-zlib.js:63:31:63:42 | zipFile.data |
| main-zlib.js:72:29:72:35 | zipFile |
| main-zlib.js:72:29:72:35 | zipFile |
| main-zlib.js:72:29:72:35 | zipFile |
| main-zlib.js:73:37:73:43 | zipFile |
| main-zlib.js:73:37:73:43 | zipFile |
| main-zlib.js:73:37:73:48 | zipFile.data |
| main-zlib.js:73:37:73:48 | zipFile.data |
| main-zlib.js:75:20:75:38 | zlib.createGunzip() |
| main-zlib.js:75:20:75:38 | zlib.createGunzip() |
| main-zlib.js:75:20:75:38 | zlib.createGunzip() |
| main-zlib.js:76:20:76:37 | zlib.createUnzip() |
| main-zlib.js:76:20:76:37 | zlib.createUnzip() |
| main-zlib.js:76:20:76:37 | zlib.createUnzip() |
| main-zlib.js:77:20:77:48 | zlib.cr ... press() |
| main-zlib.js:77:20:77:48 | zlib.cr ... press() |
| main-zlib.js:77:20:77:48 | zlib.cr ... press() |
edges
| main-adm-zip.js:31:22:31:24 | req | main-adm-zip.js:32:13:32:15 | req |
| main-adm-zip.js:31:22:31:24 | req | main-adm-zip.js:32:13:32:15 | req |
| main-adm-zip.js:32:13:32:15 | req | main-adm-zip.js:32:13:32:21 | req.files |
| main-adm-zip.js:32:13:32:21 | req.files | main-adm-zip.js:32:13:32:33 | req.fil ... ombFile |
| main-adm-zip.js:32:13:32:21 | req.files | main-adm-zip.js:32:13:32:33 | req.fil ... ombFile |
| main-adm-zip.js:32:13:32:33 | req.fil ... ombFile | main-adm-zip.js:36:18:36:24 | tarFile |
| main-adm-zip.js:36:18:36:24 | tarFile | main-adm-zip.js:43:22:43:28 | tarFile |
| main-adm-zip.js:36:18:36:24 | tarFile | main-adm-zip.js:43:22:43:28 | tarFile |
| main-adm-zip.js:36:18:36:24 | tarFile | main-adm-zip.js:43:22:43:28 | tarFile |
| main-adm-zip.js:43:22:43:28 | tarFile | main-adm-zip.js:43:22:43:33 | tarFile.data |
| main-adm-zip.js:43:22:43:28 | tarFile | main-adm-zip.js:43:22:43:33 | tarFile.data |
| main-adm-zip.js:43:22:43:33 | tarFile.data | main-adm-zip.js:47:25:47:42 | zipEntry.getData() |
| main-adm-zip.js:43:22:43:33 | tarFile.data | main-adm-zip.js:47:25:47:42 | zipEntry.getData() |
| main-adm-zip.js:43:22:43:33 | tarFile.data | main-adm-zip.js:47:25:47:42 | zipEntry.getData() |
| main-adm-zip.js:43:22:43:33 | tarFile.data | main-adm-zip.js:47:25:47:42 | zipEntry.getData() |
| main-adm-zip.js:43:22:43:33 | tarFile.data | main-adm-zip.js:47:25:47:42 | zipEntry.getData() |
| main-adm-zip.js:43:22:43:33 | tarFile.data | main-adm-zip.js:47:25:47:42 | zipEntry.getData() |
| main-adm-zip.js:43:22:43:33 | tarFile.data | main-adm-zip.js:51:17:51:41 | admZip. ... "10GB") |
| main-adm-zip.js:43:22:43:33 | tarFile.data | main-adm-zip.js:51:17:51:41 | admZip. ... "10GB") |
| main-adm-zip.js:43:22:43:33 | tarFile.data | main-adm-zip.js:51:17:51:41 | admZip. ... "10GB") |
| main-adm-zip.js:43:22:43:33 | tarFile.data | main-adm-zip.js:51:17:51:41 | admZip. ... "10GB") |
| main-adm-zip.js:43:22:43:33 | tarFile.data | main-adm-zip.js:51:17:51:41 | admZip. ... "10GB") |
| main-adm-zip.js:43:22:43:33 | tarFile.data | main-adm-zip.js:51:17:51:41 | admZip. ... "10GB") |
| main-adm-zip.js:43:22:43:33 | tarFile.data | main-adm-zip.js:53:5:53:55 | admZip. ... , true) |
| main-adm-zip.js:43:22:43:33 | tarFile.data | main-adm-zip.js:53:5:53:55 | admZip. ... , true) |
| main-adm-zip.js:43:22:43:33 | tarFile.data | main-adm-zip.js:53:5:53:55 | admZip. ... , true) |
| main-adm-zip.js:43:22:43:33 | tarFile.data | main-adm-zip.js:53:5:53:55 | admZip. ... , true) |
| main-adm-zip.js:43:22:43:33 | tarFile.data | main-adm-zip.js:53:5:53:55 | admZip. ... , true) |
| main-adm-zip.js:43:22:43:33 | tarFile.data | main-adm-zip.js:53:5:53:55 | admZip. ... , true) |
| main-adm-zip.js:43:22:43:33 | tarFile.data | main-adm-zip.js:55:5:55:38 | admZip. ... , true) |
| main-adm-zip.js:43:22:43:33 | tarFile.data | main-adm-zip.js:55:5:55:38 | admZip. ... , true) |
| main-adm-zip.js:43:22:43:33 | tarFile.data | main-adm-zip.js:55:5:55:38 | admZip. ... , true) |
| main-adm-zip.js:43:22:43:33 | tarFile.data | main-adm-zip.js:55:5:55:38 | admZip. ... , true) |
| main-adm-zip.js:43:22:43:33 | tarFile.data | main-adm-zip.js:55:5:55:38 | admZip. ... , true) |
| main-adm-zip.js:43:22:43:33 | tarFile.data | main-adm-zip.js:55:5:55:38 | admZip. ... , true) |
| main-pako.js:11:22:11:24 | req | main-pako.js:12:14:12:16 | req |
| main-pako.js:11:22:11:24 | req | main-pako.js:12:14:12:16 | req |
| main-pako.js:11:22:11:24 | req | main-pako.js:13:14:13:16 | req |
| main-pako.js:11:22:11:24 | req | main-pako.js:13:14:13:16 | req |
| main-pako.js:12:14:12:16 | req | main-pako.js:12:14:12:22 | req.files |
| main-pako.js:12:14:12:22 | req.files | main-pako.js:12:14:12:34 | req.fil ... ombFile |
| main-pako.js:12:14:12:22 | req.files | main-pako.js:12:14:12:34 | req.fil ... ombFile |
| main-pako.js:12:14:12:34 | req.fil ... ombFile | main-pako.js:17:19:17:25 | zipFile |
| main-pako.js:13:14:13:16 | req | main-pako.js:13:14:13:22 | req.files |
| main-pako.js:13:14:13:22 | req.files | main-pako.js:13:14:13:34 | req.fil ... ombFile |
| main-pako.js:13:14:13:22 | req.files | main-pako.js:13:14:13:34 | req.fil ... ombFile |
| main-pako.js:13:14:13:34 | req.fil ... ombFile | main-pako.js:28:19:28:25 | zipFile |
| main-pako.js:17:19:17:25 | zipFile | main-pako.js:18:48:18:54 | zipFile |
| main-pako.js:17:19:17:25 | zipFile | main-pako.js:18:48:18:54 | zipFile |
| main-pako.js:17:19:17:25 | zipFile | main-pako.js:18:48:18:54 | zipFile |
| main-pako.js:18:11:18:68 | myArray | main-pako.js:21:31:21:37 | myArray |
| main-pako.js:18:11:18:68 | myArray | main-pako.js:21:31:21:37 | myArray |
| main-pako.js:18:11:18:68 | myArray | main-pako.js:21:31:21:37 | myArray |
| main-pako.js:18:11:18:68 | myArray | main-pako.js:21:31:21:37 | myArray |
| main-pako.js:18:21:18:68 | Buffer. ... uffer)) | main-pako.js:18:11:18:68 | myArray |
| main-pako.js:18:21:18:68 | Buffer. ... uffer)) | main-pako.js:18:11:18:68 | myArray |
| main-pako.js:18:33:18:67 | new Uin ... buffer) | main-pako.js:18:21:18:68 | Buffer. ... uffer)) |
| main-pako.js:18:33:18:67 | new Uin ... buffer) | main-pako.js:18:21:18:68 | Buffer. ... uffer)) |
| main-pako.js:18:48:18:54 | zipFile | main-pako.js:18:48:18:59 | zipFile.data |
| main-pako.js:18:48:18:54 | zipFile | main-pako.js:18:48:18:59 | zipFile.data |
| main-pako.js:18:48:18:59 | zipFile.data | main-pako.js:18:48:18:66 | zipFile.data.buffer |
| main-pako.js:18:48:18:59 | zipFile.data | main-pako.js:18:48:18:66 | zipFile.data.buffer |
| main-pako.js:18:48:18:66 | zipFile.data.buffer | main-pako.js:18:33:18:67 | new Uin ... buffer) |
| main-pako.js:18:48:18:66 | zipFile.data.buffer | main-pako.js:18:33:18:67 | new Uin ... buffer) |
| main-pako.js:28:19:28:25 | zipFile | main-pako.js:29:36:29:42 | zipFile |
| main-pako.js:28:19:28:25 | zipFile | main-pako.js:29:36:29:42 | zipFile |
| main-pako.js:28:19:28:25 | zipFile | main-pako.js:29:36:29:42 | zipFile |
| main-pako.js:29:11:29:62 | myArray | main-pako.js:32:31:32:37 | myArray |
| main-pako.js:29:11:29:62 | myArray | main-pako.js:32:31:32:37 | myArray |
| main-pako.js:29:11:29:62 | myArray | main-pako.js:32:31:32:37 | myArray |
| main-pako.js:29:11:29:62 | myArray | main-pako.js:32:31:32:37 | myArray |
| main-pako.js:29:21:29:55 | new Uin ... buffer) | main-pako.js:29:21:29:62 | new Uin ... .buffer |
| main-pako.js:29:21:29:55 | new Uin ... buffer) | main-pako.js:29:21:29:62 | new Uin ... .buffer |
| main-pako.js:29:21:29:62 | new Uin ... .buffer | main-pako.js:29:11:29:62 | myArray |
| main-pako.js:29:21:29:62 | new Uin ... .buffer | main-pako.js:29:11:29:62 | myArray |
| main-pako.js:29:36:29:42 | zipFile | main-pako.js:29:36:29:47 | zipFile.data |
| main-pako.js:29:36:29:42 | zipFile | main-pako.js:29:36:29:47 | zipFile.data |
| main-pako.js:29:36:29:47 | zipFile.data | main-pako.js:29:36:29:54 | zipFile.data.buffer |
| main-pako.js:29:36:29:47 | zipFile.data | main-pako.js:29:36:29:54 | zipFile.data.buffer |
| main-pako.js:29:36:29:54 | zipFile.data.buffer | main-pako.js:29:21:29:55 | new Uin ... buffer) |
| main-pako.js:29:36:29:54 | zipFile.data.buffer | main-pako.js:29:21:29:55 | new Uin ... buffer) |
| main-zlib.js:14:22:14:24 | req | main-zlib.js:15:19:15:21 | req |
| main-zlib.js:14:22:14:24 | req | main-zlib.js:15:19:15:21 | req |
| main-zlib.js:14:22:14:24 | req | main-zlib.js:17:18:17:20 | req |
| main-zlib.js:14:22:14:24 | req | main-zlib.js:17:18:17:20 | req |
| main-zlib.js:14:22:14:24 | req | main-zlib.js:19:24:19:26 | req |
| main-zlib.js:14:22:14:24 | req | main-zlib.js:19:24:19:26 | req |
| main-zlib.js:15:19:15:21 | req | main-zlib.js:15:19:15:27 | req.files |
| main-zlib.js:15:19:15:27 | req.files | main-zlib.js:15:19:15:39 | req.fil ... ombFile |
| main-zlib.js:15:19:15:27 | req.files | main-zlib.js:15:19:15:39 | req.fil ... ombFile |
| main-zlib.js:15:19:15:39 | req.fil ... ombFile | main-zlib.js:25:24:25:30 | zipFile |
| main-zlib.js:17:18:17:20 | req | main-zlib.js:17:18:17:26 | req.files |
| main-zlib.js:17:18:17:26 | req.files | main-zlib.js:17:18:17:38 | req.fil ... ombFile |
| main-zlib.js:17:18:17:26 | req.files | main-zlib.js:17:18:17:38 | req.fil ... ombFile |
| main-zlib.js:17:18:17:38 | req.fil ... ombFile | main-zlib.js:60:23:60:29 | zipFile |
| main-zlib.js:19:24:19:26 | req | main-zlib.js:19:24:19:32 | req.files |
| main-zlib.js:19:24:19:32 | req.files | main-zlib.js:19:24:19:44 | req.fil ... ombFile |
| main-zlib.js:19:24:19:32 | req.files | main-zlib.js:19:24:19:44 | req.fil ... ombFile |
| main-zlib.js:19:24:19:44 | req.fil ... ombFile | main-zlib.js:72:29:72:35 | zipFile |
| main-zlib.js:25:24:25:30 | zipFile | main-zlib.js:27:9:27:15 | zipFile |
| main-zlib.js:25:24:25:30 | zipFile | main-zlib.js:27:9:27:15 | zipFile |
| main-zlib.js:25:24:25:30 | zipFile | main-zlib.js:27:9:27:15 | zipFile |
| main-zlib.js:25:24:25:30 | zipFile | main-zlib.js:31:9:31:15 | zipFile |
| main-zlib.js:25:24:25:30 | zipFile | main-zlib.js:31:9:31:15 | zipFile |
| main-zlib.js:25:24:25:30 | zipFile | main-zlib.js:31:9:31:15 | zipFile |
| main-zlib.js:25:24:25:30 | zipFile | main-zlib.js:36:9:36:15 | zipFile |
| main-zlib.js:25:24:25:30 | zipFile | main-zlib.js:36:9:36:15 | zipFile |
| main-zlib.js:25:24:25:30 | zipFile | main-zlib.js:36:9:36:15 | zipFile |
| main-zlib.js:27:9:27:15 | zipFile | main-zlib.js:27:9:27:20 | zipFile.data |
| main-zlib.js:27:9:27:15 | zipFile | main-zlib.js:27:9:27:20 | zipFile.data |
| main-zlib.js:27:9:27:15 | zipFile | main-zlib.js:27:9:27:20 | zipFile.data |
| main-zlib.js:27:9:27:15 | zipFile | main-zlib.js:27:9:27:20 | zipFile.data |
| main-zlib.js:31:9:31:15 | zipFile | main-zlib.js:31:9:31:20 | zipFile.data |
| main-zlib.js:31:9:31:15 | zipFile | main-zlib.js:31:9:31:20 | zipFile.data |
| main-zlib.js:31:9:31:15 | zipFile | main-zlib.js:31:9:31:20 | zipFile.data |
| main-zlib.js:31:9:31:15 | zipFile | main-zlib.js:31:9:31:20 | zipFile.data |
| main-zlib.js:36:9:36:15 | zipFile | main-zlib.js:36:9:36:20 | zipFile.data |
| main-zlib.js:36:9:36:15 | zipFile | main-zlib.js:36:9:36:20 | zipFile.data |
| main-zlib.js:36:9:36:15 | zipFile | main-zlib.js:36:9:36:20 | zipFile.data |
| main-zlib.js:36:9:36:15 | zipFile | main-zlib.js:36:9:36:20 | zipFile.data |
| main-zlib.js:60:23:60:29 | zipFile | main-zlib.js:61:21:61:27 | zipFile |
| main-zlib.js:60:23:60:29 | zipFile | main-zlib.js:61:21:61:27 | zipFile |
| main-zlib.js:60:23:60:29 | zipFile | main-zlib.js:61:21:61:27 | zipFile |
| main-zlib.js:60:23:60:29 | zipFile | main-zlib.js:62:20:62:26 | zipFile |
| main-zlib.js:60:23:60:29 | zipFile | main-zlib.js:62:20:62:26 | zipFile |
| main-zlib.js:60:23:60:29 | zipFile | main-zlib.js:62:20:62:26 | zipFile |
| main-zlib.js:60:23:60:29 | zipFile | main-zlib.js:63:31:63:37 | zipFile |
| main-zlib.js:60:23:60:29 | zipFile | main-zlib.js:63:31:63:37 | zipFile |
| main-zlib.js:60:23:60:29 | zipFile | main-zlib.js:63:31:63:37 | zipFile |
| main-zlib.js:61:21:61:27 | zipFile | main-zlib.js:61:21:61:32 | zipFile.data |
| main-zlib.js:61:21:61:27 | zipFile | main-zlib.js:61:21:61:32 | zipFile.data |
| main-zlib.js:61:21:61:27 | zipFile | main-zlib.js:61:21:61:32 | zipFile.data |
| main-zlib.js:61:21:61:27 | zipFile | main-zlib.js:61:21:61:32 | zipFile.data |
| main-zlib.js:62:20:62:26 | zipFile | main-zlib.js:62:20:62:31 | zipFile.data |
| main-zlib.js:62:20:62:26 | zipFile | main-zlib.js:62:20:62:31 | zipFile.data |
| main-zlib.js:62:20:62:26 | zipFile | main-zlib.js:62:20:62:31 | zipFile.data |
| main-zlib.js:62:20:62:26 | zipFile | main-zlib.js:62:20:62:31 | zipFile.data |
| main-zlib.js:63:31:63:37 | zipFile | main-zlib.js:63:31:63:42 | zipFile.data |
| main-zlib.js:63:31:63:37 | zipFile | main-zlib.js:63:31:63:42 | zipFile.data |
| main-zlib.js:63:31:63:37 | zipFile | main-zlib.js:63:31:63:42 | zipFile.data |
| main-zlib.js:63:31:63:37 | zipFile | main-zlib.js:63:31:63:42 | zipFile.data |
| main-zlib.js:72:29:72:35 | zipFile | main-zlib.js:73:37:73:43 | zipFile |
| main-zlib.js:72:29:72:35 | zipFile | main-zlib.js:73:37:73:43 | zipFile |
| main-zlib.js:72:29:72:35 | zipFile | main-zlib.js:73:37:73:43 | zipFile |
| main-zlib.js:73:37:73:43 | zipFile | main-zlib.js:73:37:73:48 | zipFile.data |
| main-zlib.js:73:37:73:43 | zipFile | main-zlib.js:73:37:73:48 | zipFile.data |
| main-zlib.js:73:37:73:48 | zipFile.data | main-zlib.js:75:20:75:38 | zlib.createGunzip() |
| main-zlib.js:73:37:73:48 | zipFile.data | main-zlib.js:75:20:75:38 | zlib.createGunzip() |
| main-zlib.js:73:37:73:48 | zipFile.data | main-zlib.js:75:20:75:38 | zlib.createGunzip() |
| main-zlib.js:73:37:73:48 | zipFile.data | main-zlib.js:75:20:75:38 | zlib.createGunzip() |
| main-zlib.js:73:37:73:48 | zipFile.data | main-zlib.js:76:20:76:37 | zlib.createUnzip() |
| main-zlib.js:73:37:73:48 | zipFile.data | main-zlib.js:76:20:76:37 | zlib.createUnzip() |
| main-zlib.js:73:37:73:48 | zipFile.data | main-zlib.js:76:20:76:37 | zlib.createUnzip() |
| main-zlib.js:73:37:73:48 | zipFile.data | main-zlib.js:76:20:76:37 | zlib.createUnzip() |
| main-zlib.js:73:37:73:48 | zipFile.data | main-zlib.js:77:20:77:48 | zlib.cr ... press() |
| main-zlib.js:73:37:73:48 | zipFile.data | main-zlib.js:77:20:77:48 | zlib.cr ... press() |
| main-zlib.js:73:37:73:48 | zipFile.data | main-zlib.js:77:20:77:48 | zlib.cr ... press() |
| main-zlib.js:73:37:73:48 | zipFile.data | main-zlib.js:77:20:77:48 | zlib.cr ... press() |
#select
| main-adm-zip.js:47:25:47:42 | zipEntry.getData() | main-adm-zip.js:31:22:31:24 | req | main-adm-zip.js:47:25:47:42 | zipEntry.getData() | This file extraction depends on a $@. | main-adm-zip.js:31:22:31:24 | req | potentially untrusted source |
| main-adm-zip.js:47:25:47:42 | zipEntry.getData() | main-adm-zip.js:32:13:32:21 | req.files | main-adm-zip.js:47:25:47:42 | zipEntry.getData() | This file extraction depends on a $@. | main-adm-zip.js:32:13:32:21 | req.files | potentially untrusted source |
| main-adm-zip.js:47:25:47:42 | zipEntry.getData() | main-adm-zip.js:36:18:36:24 | tarFile | main-adm-zip.js:47:25:47:42 | zipEntry.getData() | This file extraction depends on a $@. | main-adm-zip.js:36:18:36:24 | tarFile | potentially untrusted source |
| main-adm-zip.js:47:25:47:42 | zipEntry.getData() | main-adm-zip.js:43:22:43:33 | tarFile.data | main-adm-zip.js:47:25:47:42 | zipEntry.getData() | This file extraction depends on a $@. | main-adm-zip.js:43:22:43:33 | tarFile.data | potentially untrusted source |
| main-adm-zip.js:51:17:51:41 | admZip. ... "10GB") | main-adm-zip.js:31:22:31:24 | req | main-adm-zip.js:51:17:51:41 | admZip. ... "10GB") | This file extraction depends on a $@. | main-adm-zip.js:31:22:31:24 | req | potentially untrusted source |
| main-adm-zip.js:51:17:51:41 | admZip. ... "10GB") | main-adm-zip.js:32:13:32:21 | req.files | main-adm-zip.js:51:17:51:41 | admZip. ... "10GB") | This file extraction depends on a $@. | main-adm-zip.js:32:13:32:21 | req.files | potentially untrusted source |
| main-adm-zip.js:51:17:51:41 | admZip. ... "10GB") | main-adm-zip.js:36:18:36:24 | tarFile | main-adm-zip.js:51:17:51:41 | admZip. ... "10GB") | This file extraction depends on a $@. | main-adm-zip.js:36:18:36:24 | tarFile | potentially untrusted source |
| main-adm-zip.js:51:17:51:41 | admZip. ... "10GB") | main-adm-zip.js:43:22:43:33 | tarFile.data | main-adm-zip.js:51:17:51:41 | admZip. ... "10GB") | This file extraction depends on a $@. | main-adm-zip.js:43:22:43:33 | tarFile.data | potentially untrusted source |
| main-adm-zip.js:53:5:53:55 | admZip. ... , true) | main-adm-zip.js:31:22:31:24 | req | main-adm-zip.js:53:5:53:55 | admZip. ... , true) | This file extraction depends on a $@. | main-adm-zip.js:31:22:31:24 | req | potentially untrusted source |
| main-adm-zip.js:53:5:53:55 | admZip. ... , true) | main-adm-zip.js:32:13:32:21 | req.files | main-adm-zip.js:53:5:53:55 | admZip. ... , true) | This file extraction depends on a $@. | main-adm-zip.js:32:13:32:21 | req.files | potentially untrusted source |
| main-adm-zip.js:53:5:53:55 | admZip. ... , true) | main-adm-zip.js:36:18:36:24 | tarFile | main-adm-zip.js:53:5:53:55 | admZip. ... , true) | This file extraction depends on a $@. | main-adm-zip.js:36:18:36:24 | tarFile | potentially untrusted source |
| main-adm-zip.js:53:5:53:55 | admZip. ... , true) | main-adm-zip.js:43:22:43:33 | tarFile.data | main-adm-zip.js:53:5:53:55 | admZip. ... , true) | This file extraction depends on a $@. | main-adm-zip.js:43:22:43:33 | tarFile.data | potentially untrusted source |
| main-adm-zip.js:55:5:55:38 | admZip. ... , true) | main-adm-zip.js:31:22:31:24 | req | main-adm-zip.js:55:5:55:38 | admZip. ... , true) | This file extraction depends on a $@. | main-adm-zip.js:31:22:31:24 | req | potentially untrusted source |
| main-adm-zip.js:55:5:55:38 | admZip. ... , true) | main-adm-zip.js:32:13:32:21 | req.files | main-adm-zip.js:55:5:55:38 | admZip. ... , true) | This file extraction depends on a $@. | main-adm-zip.js:32:13:32:21 | req.files | potentially untrusted source |
| main-adm-zip.js:55:5:55:38 | admZip. ... , true) | main-adm-zip.js:36:18:36:24 | tarFile | main-adm-zip.js:55:5:55:38 | admZip. ... , true) | This file extraction depends on a $@. | main-adm-zip.js:36:18:36:24 | tarFile | potentially untrusted source |
| main-adm-zip.js:55:5:55:38 | admZip. ... , true) | main-adm-zip.js:43:22:43:33 | tarFile.data | main-adm-zip.js:55:5:55:38 | admZip. ... , true) | This file extraction depends on a $@. | main-adm-zip.js:43:22:43:33 | tarFile.data | potentially untrusted source |
| main-pako.js:21:31:21:37 | myArray | main-pako.js:11:22:11:24 | req | main-pako.js:21:31:21:37 | myArray | This file extraction depends on a $@. | main-pako.js:11:22:11:24 | req | potentially untrusted source |
| main-pako.js:21:31:21:37 | myArray | main-pako.js:12:14:12:22 | req.files | main-pako.js:21:31:21:37 | myArray | This file extraction depends on a $@. | main-pako.js:12:14:12:22 | req.files | potentially untrusted source |
| main-pako.js:21:31:21:37 | myArray | main-pako.js:17:19:17:25 | zipFile | main-pako.js:21:31:21:37 | myArray | This file extraction depends on a $@. | main-pako.js:17:19:17:25 | zipFile | potentially untrusted source |
| main-pako.js:32:31:32:37 | myArray | main-pako.js:11:22:11:24 | req | main-pako.js:32:31:32:37 | myArray | This file extraction depends on a $@. | main-pako.js:11:22:11:24 | req | potentially untrusted source |
| main-pako.js:32:31:32:37 | myArray | main-pako.js:13:14:13:22 | req.files | main-pako.js:32:31:32:37 | myArray | This file extraction depends on a $@. | main-pako.js:13:14:13:22 | req.files | potentially untrusted source |
| main-pako.js:32:31:32:37 | myArray | main-pako.js:28:19:28:25 | zipFile | main-pako.js:32:31:32:37 | myArray | This file extraction depends on a $@. | main-pako.js:28:19:28:25 | zipFile | potentially untrusted source |
| main-zlib.js:27:9:27:20 | zipFile.data | main-zlib.js:14:22:14:24 | req | main-zlib.js:27:9:27:20 | zipFile.data | This file extraction depends on a $@. | main-zlib.js:14:22:14:24 | req | potentially untrusted source |
| main-zlib.js:27:9:27:20 | zipFile.data | main-zlib.js:15:19:15:27 | req.files | main-zlib.js:27:9:27:20 | zipFile.data | This file extraction depends on a $@. | main-zlib.js:15:19:15:27 | req.files | potentially untrusted source |
| main-zlib.js:27:9:27:20 | zipFile.data | main-zlib.js:25:24:25:30 | zipFile | main-zlib.js:27:9:27:20 | zipFile.data | This file extraction depends on a $@. | main-zlib.js:25:24:25:30 | zipFile | potentially untrusted source |
| main-zlib.js:31:9:31:20 | zipFile.data | main-zlib.js:14:22:14:24 | req | main-zlib.js:31:9:31:20 | zipFile.data | This file extraction depends on a $@. | main-zlib.js:14:22:14:24 | req | potentially untrusted source |
| main-zlib.js:31:9:31:20 | zipFile.data | main-zlib.js:15:19:15:27 | req.files | main-zlib.js:31:9:31:20 | zipFile.data | This file extraction depends on a $@. | main-zlib.js:15:19:15:27 | req.files | potentially untrusted source |
| main-zlib.js:31:9:31:20 | zipFile.data | main-zlib.js:25:24:25:30 | zipFile | main-zlib.js:31:9:31:20 | zipFile.data | This file extraction depends on a $@. | main-zlib.js:25:24:25:30 | zipFile | potentially untrusted source |
| main-zlib.js:36:9:36:20 | zipFile.data | main-zlib.js:14:22:14:24 | req | main-zlib.js:36:9:36:20 | zipFile.data | This file extraction depends on a $@. | main-zlib.js:14:22:14:24 | req | potentially untrusted source |
| main-zlib.js:36:9:36:20 | zipFile.data | main-zlib.js:15:19:15:27 | req.files | main-zlib.js:36:9:36:20 | zipFile.data | This file extraction depends on a $@. | main-zlib.js:15:19:15:27 | req.files | potentially untrusted source |
| main-zlib.js:36:9:36:20 | zipFile.data | main-zlib.js:25:24:25:30 | zipFile | main-zlib.js:36:9:36:20 | zipFile.data | This file extraction depends on a $@. | main-zlib.js:25:24:25:30 | zipFile | potentially untrusted source |
| main-zlib.js:61:21:61:32 | zipFile.data | main-zlib.js:14:22:14:24 | req | main-zlib.js:61:21:61:32 | zipFile.data | This file extraction depends on a $@. | main-zlib.js:14:22:14:24 | req | potentially untrusted source |
| main-zlib.js:61:21:61:32 | zipFile.data | main-zlib.js:17:18:17:26 | req.files | main-zlib.js:61:21:61:32 | zipFile.data | This file extraction depends on a $@. | main-zlib.js:17:18:17:26 | req.files | potentially untrusted source |
| main-zlib.js:61:21:61:32 | zipFile.data | main-zlib.js:60:23:60:29 | zipFile | main-zlib.js:61:21:61:32 | zipFile.data | This file extraction depends on a $@. | main-zlib.js:60:23:60:29 | zipFile | potentially untrusted source |
| main-zlib.js:62:20:62:31 | zipFile.data | main-zlib.js:14:22:14:24 | req | main-zlib.js:62:20:62:31 | zipFile.data | This file extraction depends on a $@. | main-zlib.js:14:22:14:24 | req | potentially untrusted source |
| main-zlib.js:62:20:62:31 | zipFile.data | main-zlib.js:17:18:17:26 | req.files | main-zlib.js:62:20:62:31 | zipFile.data | This file extraction depends on a $@. | main-zlib.js:17:18:17:26 | req.files | potentially untrusted source |
| main-zlib.js:62:20:62:31 | zipFile.data | main-zlib.js:60:23:60:29 | zipFile | main-zlib.js:62:20:62:31 | zipFile.data | This file extraction depends on a $@. | main-zlib.js:60:23:60:29 | zipFile | potentially untrusted source |
| main-zlib.js:63:31:63:42 | zipFile.data | main-zlib.js:14:22:14:24 | req | main-zlib.js:63:31:63:42 | zipFile.data | This file extraction depends on a $@. | main-zlib.js:14:22:14:24 | req | potentially untrusted source |
| main-zlib.js:63:31:63:42 | zipFile.data | main-zlib.js:17:18:17:26 | req.files | main-zlib.js:63:31:63:42 | zipFile.data | This file extraction depends on a $@. | main-zlib.js:17:18:17:26 | req.files | potentially untrusted source |
| main-zlib.js:63:31:63:42 | zipFile.data | main-zlib.js:60:23:60:29 | zipFile | main-zlib.js:63:31:63:42 | zipFile.data | This file extraction depends on a $@. | main-zlib.js:60:23:60:29 | zipFile | potentially untrusted source |
| main-zlib.js:75:20:75:38 | zlib.createGunzip() | main-zlib.js:14:22:14:24 | req | main-zlib.js:75:20:75:38 | zlib.createGunzip() | This file extraction depends on a $@. | main-zlib.js:14:22:14:24 | req | potentially untrusted source |
| main-zlib.js:75:20:75:38 | zlib.createGunzip() | main-zlib.js:19:24:19:32 | req.files | main-zlib.js:75:20:75:38 | zlib.createGunzip() | This file extraction depends on a $@. | main-zlib.js:19:24:19:32 | req.files | potentially untrusted source |
| main-zlib.js:75:20:75:38 | zlib.createGunzip() | main-zlib.js:72:29:72:35 | zipFile | main-zlib.js:75:20:75:38 | zlib.createGunzip() | This file extraction depends on a $@. | main-zlib.js:72:29:72:35 | zipFile | potentially untrusted source |
| main-zlib.js:76:20:76:37 | zlib.createUnzip() | main-zlib.js:14:22:14:24 | req | main-zlib.js:76:20:76:37 | zlib.createUnzip() | This file extraction depends on a $@. | main-zlib.js:14:22:14:24 | req | potentially untrusted source |
| main-zlib.js:76:20:76:37 | zlib.createUnzip() | main-zlib.js:19:24:19:32 | req.files | main-zlib.js:76:20:76:37 | zlib.createUnzip() | This file extraction depends on a $@. | main-zlib.js:19:24:19:32 | req.files | potentially untrusted source |
| main-zlib.js:76:20:76:37 | zlib.createUnzip() | main-zlib.js:72:29:72:35 | zipFile | main-zlib.js:76:20:76:37 | zlib.createUnzip() | This file extraction depends on a $@. | main-zlib.js:72:29:72:35 | zipFile | potentially untrusted source |
| main-zlib.js:77:20:77:48 | zlib.cr ... press() | main-zlib.js:14:22:14:24 | req | main-zlib.js:77:20:77:48 | zlib.cr ... press() | This file extraction depends on a $@. | main-zlib.js:14:22:14:24 | req | potentially untrusted source |
| main-zlib.js:77:20:77:48 | zlib.cr ... press() | main-zlib.js:19:24:19:32 | req.files | main-zlib.js:77:20:77:48 | zlib.cr ... press() | This file extraction depends on a $@. | main-zlib.js:19:24:19:32 | req.files | potentially untrusted source |
| main-zlib.js:77:20:77:48 | zlib.cr ... press() | main-zlib.js:72:29:72:35 | zipFile | main-zlib.js:77:20:77:48 | zlib.cr ... press() | This file extraction depends on a $@. | main-zlib.js:72:29:72:35 | zipFile | potentially untrusted source |
