| deux.py:0:0:0:0 | Entry node for Module deux | deux.py:2:1:2:5 | ControlFlowNode for print |
| deux.py:0:0:0:0 | Entry node for Module deux | deux.py:2:7:2:9 | ControlFlowNode for foo |
| test1.py:0:0:0:0 | Entry node for Module test1 | test1.py:2:1:2:5 | ControlFlowNode for print |
| test1.py:0:0:0:0 | Entry node for Module test1 | test1.py:2:7:2:9 | ControlFlowNode for foo |
| test2.py:0:0:0:0 | Entry node for Module test2 | test2.py:2:1:2:5 | ControlFlowNode for print |
| test2.py:0:0:0:0 | Entry node for Module test2 | test2.py:2:7:2:9 | ControlFlowNode for foo |
| test3.py:1:17:1:19 | ControlFlowNode for ImportMember | test3.py:1:17:1:19 | ControlFlowNode for foo |
| test3.py:1:17:1:19 | ControlFlowNode for ImportMember | test3.py:2:7:2:9 | ControlFlowNode for foo |
| test3.py:1:17:1:19 | ControlFlowNode for foo | test3.py:2:7:2:9 | ControlFlowNode for foo |
| three.py:1:1:1:3 | ControlFlowNode for foo | test1.py:2:7:2:9 | ControlFlowNode for foo |
| three.py:1:1:1:3 | ControlFlowNode for foo | test3.py:1:17:1:19 | ControlFlowNode for ImportMember |
| three.py:1:1:1:3 | ControlFlowNode for foo | test3.py:1:17:1:19 | ControlFlowNode for foo |
| three.py:1:1:1:3 | ControlFlowNode for foo | test3.py:2:7:2:9 | ControlFlowNode for foo |
| three.py:1:1:1:3 | ControlFlowNode for foo | two.py:2:7:2:9 | ControlFlowNode for foo |
| three.py:1:7:1:7 | ControlFlowNode for IntegerLiteral | test1.py:2:7:2:9 | ControlFlowNode for foo |
| three.py:1:7:1:7 | ControlFlowNode for IntegerLiteral | test3.py:1:17:1:19 | ControlFlowNode for ImportMember |
| three.py:1:7:1:7 | ControlFlowNode for IntegerLiteral | test3.py:1:17:1:19 | ControlFlowNode for foo |
| three.py:1:7:1:7 | ControlFlowNode for IntegerLiteral | test3.py:2:7:2:9 | ControlFlowNode for foo |
| three.py:1:7:1:7 | ControlFlowNode for IntegerLiteral | three.py:1:1:1:3 | ControlFlowNode for foo |
| three.py:1:7:1:7 | ControlFlowNode for IntegerLiteral | two.py:2:7:2:9 | ControlFlowNode for foo |
| trois.py:1:1:1:3 | ControlFlowNode for foo | deux.py:2:7:2:9 | ControlFlowNode for foo |
| trois.py:1:1:1:3 | ControlFlowNode for foo | test2.py:2:7:2:9 | ControlFlowNode for foo |
| trois.py:1:7:1:7 | ControlFlowNode for IntegerLiteral | deux.py:2:7:2:9 | ControlFlowNode for foo |
| trois.py:1:7:1:7 | ControlFlowNode for IntegerLiteral | test2.py:2:7:2:9 | ControlFlowNode for foo |
| trois.py:1:7:1:7 | ControlFlowNode for IntegerLiteral | trois.py:1:1:1:3 | ControlFlowNode for foo |
| two.py:0:0:0:0 | Entry node for Module two | test3.py:1:17:1:19 | ControlFlowNode for ImportMember |
| two.py:0:0:0:0 | Entry node for Module two | test3.py:1:17:1:19 | ControlFlowNode for foo |
| two.py:0:0:0:0 | Entry node for Module two | test3.py:2:7:2:9 | ControlFlowNode for foo |
| two.py:0:0:0:0 | Entry node for Module two | two.py:2:1:2:5 | ControlFlowNode for print |
| two.py:0:0:0:0 | Entry node for Module two | two.py:2:7:2:9 | ControlFlowNode for foo |
| two.py:2:7:2:9 | ControlFlowNode for foo | test3.py:1:17:1:19 | ControlFlowNode for ImportMember |
| two.py:2:7:2:9 | ControlFlowNode for foo | test3.py:1:17:1:19 | ControlFlowNode for foo |
| two.py:2:7:2:9 | ControlFlowNode for foo | test3.py:2:7:2:9 | ControlFlowNode for foo |
