edges
| flask_tests.py:1:29:1:35 | ControlFlowNode for ImportMember | flask_tests.py:1:29:1:35 | ControlFlowNode for request | provenance |  |
| flask_tests.py:1:29:1:35 | ControlFlowNode for request | flask_tests.py:20:18:20:24 | ControlFlowNode for request | provenance |  |
| flask_tests.py:1:29:1:35 | ControlFlowNode for request | flask_tests.py:29:18:29:24 | ControlFlowNode for request | provenance |  |
| flask_tests.py:20:5:20:14 | ControlFlowNode for rfs_header | flask_tests.py:23:22:23:31 | ControlFlowNode for rfs_header | provenance |  |
| flask_tests.py:20:18:20:24 | ControlFlowNode for request | flask_tests.py:20:5:20:14 | ControlFlowNode for rfs_header | provenance |  |
| flask_tests.py:29:5:29:14 | ControlFlowNode for rfs_header | flask_tests.py:32:22:32:31 | ControlFlowNode for rfs_header | provenance |  |
| flask_tests.py:29:18:29:24 | ControlFlowNode for request | flask_tests.py:29:5:29:14 | ControlFlowNode for rfs_header | provenance |  |
nodes
| flask_tests.py:1:29:1:35 | ControlFlowNode for ImportMember | semmle.label | ControlFlowNode for ImportMember |
| flask_tests.py:1:29:1:35 | ControlFlowNode for request | semmle.label | ControlFlowNode for request |
| flask_tests.py:20:5:20:14 | ControlFlowNode for rfs_header | semmle.label | ControlFlowNode for rfs_header |
| flask_tests.py:20:18:20:24 | ControlFlowNode for request | semmle.label | ControlFlowNode for request |
| flask_tests.py:23:22:23:31 | ControlFlowNode for rfs_header | semmle.label | ControlFlowNode for rfs_header |
| flask_tests.py:29:5:29:14 | ControlFlowNode for rfs_header | semmle.label | ControlFlowNode for rfs_header |
| flask_tests.py:29:18:29:24 | ControlFlowNode for request | semmle.label | ControlFlowNode for request |
| flask_tests.py:32:22:32:31 | ControlFlowNode for rfs_header | semmle.label | ControlFlowNode for rfs_header |
subpaths
#select
| flask_tests.py:23:22:23:31 | ControlFlowNode for rfs_header | flask_tests.py:1:29:1:35 | ControlFlowNode for ImportMember | flask_tests.py:23:22:23:31 | ControlFlowNode for rfs_header | This HTTP header is constructed from a $@. | flask_tests.py:1:29:1:35 | ControlFlowNode for ImportMember | user-provided value |
| flask_tests.py:32:22:32:31 | ControlFlowNode for rfs_header | flask_tests.py:1:29:1:35 | ControlFlowNode for ImportMember | flask_tests.py:32:22:32:31 | ControlFlowNode for rfs_header | This HTTP header is constructed from a $@. | flask_tests.py:1:29:1:35 | ControlFlowNode for ImportMember | user-provided value |
