source
| wsgiref_tests.py:5:14:5:20 | ControlFlowNode for environ |
| wsgiref_tests.py:13:15:13:21 | ControlFlowNode for environ |
sink
headerWrite
| wsgiref_tests.py:10:5:10:35 | ControlFlowNode for start_response() | wsgiref_tests.py:9:17:9:22 | ControlFlowNode for h_name | wsgiref_tests.py:9:25:9:29 | ControlFlowNode for Str | false | false |
| wsgiref_tests.py:10:5:10:35 | ControlFlowNode for start_response() | wsgiref_tests.py:9:17:9:22 | ControlFlowNode for h_name | wsgiref_tests.py:9:42:9:46 | ControlFlowNode for h_val | false | false |
| wsgiref_tests.py:10:5:10:35 | ControlFlowNode for start_response() | wsgiref_tests.py:9:34:9:39 | ControlFlowNode for Str | wsgiref_tests.py:9:25:9:29 | ControlFlowNode for Str | false | false |
| wsgiref_tests.py:10:5:10:35 | ControlFlowNode for start_response() | wsgiref_tests.py:9:34:9:39 | ControlFlowNode for Str | wsgiref_tests.py:9:42:9:46 | ControlFlowNode for h_val | false | false |
| wsgiref_tests.py:17:15:17:57 | ControlFlowNode for Headers() | wsgiref_tests.py:17:25:17:30 | ControlFlowNode for h_name | wsgiref_tests.py:17:33:17:37 | ControlFlowNode for Str | false | false |
| wsgiref_tests.py:17:15:17:57 | ControlFlowNode for Headers() | wsgiref_tests.py:17:25:17:30 | ControlFlowNode for h_name | wsgiref_tests.py:17:50:17:54 | ControlFlowNode for h_val | false | false |
| wsgiref_tests.py:17:15:17:57 | ControlFlowNode for Headers() | wsgiref_tests.py:17:42:17:47 | ControlFlowNode for Str | wsgiref_tests.py:17:33:17:37 | ControlFlowNode for Str | false | false |
| wsgiref_tests.py:17:15:17:57 | ControlFlowNode for Headers() | wsgiref_tests.py:17:42:17:47 | ControlFlowNode for Str | wsgiref_tests.py:17:50:17:54 | ControlFlowNode for h_val | false | false |
| wsgiref_tests.py:18:5:18:37 | ControlFlowNode for Attribute() | wsgiref_tests.py:18:24:18:29 | ControlFlowNode for h_name | wsgiref_tests.py:18:32:18:36 | ControlFlowNode for h_val | false | false |
| wsgiref_tests.py:19:5:19:37 | ControlFlowNode for Attribute() | wsgiref_tests.py:19:24:19:29 | ControlFlowNode for h_name | wsgiref_tests.py:19:32:19:36 | ControlFlowNode for h_val | false | false |
| wsgiref_tests.py:20:5:20:38 | ControlFlowNode for Attribute() | wsgiref_tests.py:20:25:20:30 | ControlFlowNode for h_name | wsgiref_tests.py:20:33:20:37 | ControlFlowNode for h_val | false | false |
| wsgiref_tests.py:21:5:21:19 | ControlFlowNode for Subscript | wsgiref_tests.py:21:13:21:18 | ControlFlowNode for h_name | wsgiref_tests.py:21:23:21:27 | ControlFlowNode for h_val | false | false |
