edges
| TaintedPath.go:13:18:13:22 | selection of URL | TaintedPath.go:13:18:13:30 | call to Query | provenance |  |
| TaintedPath.go:13:18:13:30 | call to Query | TaintedPath.go:16:29:16:40 | tainted_path | provenance |  |
| TaintedPath.go:13:18:13:30 | call to Query | TaintedPath.go:20:57:20:68 | tainted_path | provenance |  |
| TaintedPath.go:13:18:13:30 | call to Query | TaintedPath.go:67:39:67:56 | ...+... | provenance |  |
| TaintedPath.go:20:57:20:68 | tainted_path | TaintedPath.go:20:28:20:69 | call to Join | provenance |  |
| TaintedPath.go:67:39:67:56 | ...+... | TaintedPath.go:67:28:67:57 | call to Clean | provenance |  |
nodes
| TaintedPath.go:13:18:13:22 | selection of URL | semmle.label | selection of URL |
| TaintedPath.go:13:18:13:30 | call to Query | semmle.label | call to Query |
| TaintedPath.go:16:29:16:40 | tainted_path | semmle.label | tainted_path |
| TaintedPath.go:20:28:20:69 | call to Join | semmle.label | call to Join |
| TaintedPath.go:20:57:20:68 | tainted_path | semmle.label | tainted_path |
| TaintedPath.go:67:28:67:57 | call to Clean | semmle.label | call to Clean |
| TaintedPath.go:67:39:67:56 | ...+... | semmle.label | ...+... |
subpaths
#select
| TaintedPath.go:16:29:16:40 | tainted_path | TaintedPath.go:13:18:13:22 | selection of URL | TaintedPath.go:16:29:16:40 | tainted_path | This path depends on a $@. | TaintedPath.go:13:18:13:22 | selection of URL | user-provided value |
| TaintedPath.go:20:28:20:69 | call to Join | TaintedPath.go:13:18:13:22 | selection of URL | TaintedPath.go:20:28:20:69 | call to Join | This path depends on a $@. | TaintedPath.go:13:18:13:22 | selection of URL | user-provided value |
| TaintedPath.go:67:28:67:57 | call to Clean | TaintedPath.go:13:18:13:22 | selection of URL | TaintedPath.go:67:28:67:57 | call to Clean | This path depends on a $@. | TaintedPath.go:13:18:13:22 | selection of URL | user-provided value |
