| MyPackage/Foo.py:2:5:2:17 | Function m1 | MyPackage | Foo.C1 | m1 | (self) | true | Foo.py |  |
| MyPackage/Foo.py:5:5:5:20 | Function m2 | MyPackage | Foo.C1 | m2 | (self,x) | true | Foo.py | source |
| MyPackage/Foo.py:9:5:9:17 | Function m1 | MyPackage | Foo.C2 | m1 | (self) | false | Foo.py |  |
| MyPackage/Foo.py:12:5:12:20 | Function m2 | MyPackage | Foo.C2 | m2 | (self,x) | false | Foo.py |  |
| TopLevel.py:3:1:3:38 | Function top_level_funciton | TopLevel |  | top_level_funciton | (x,y,z:) | false | TopLevel.py |  |
